test_collision_free_plan_requires_actual_random_operation_input (test_disposable_storage_settlement_drill.NativePreparationTests.test_collision_free_plan_requires_actual_random_operation_input) ... ok
test_complete_structural_inventory_never_grants_actual_native_acceptance (test_disposable_storage_settlement_drill.NativePreparationTests.test_complete_structural_inventory_never_grants_actual_native_acceptance) ... ok
test_duplicate_success_cannot_replace_a_required_native_case (test_disposable_storage_settlement_drill.NativePreparationTests.test_duplicate_success_cannot_replace_a_required_native_case) ... ok
test_each_required_actual_case_is_individually_mandatory (test_disposable_storage_settlement_drill.NativePreparationTests.test_each_required_actual_case_is_individually_mandatory) ... ok
test_execute_refuses_before_subprocess_or_allocation (test_disposable_storage_settlement_drill.NativePreparationTests.test_execute_refuses_before_subprocess_or_allocation) ... ok
test_fixture_export_is_pure_and_plan_binds_its_exact_bytes (test_disposable_storage_settlement_drill.NativePreparationTests.test_fixture_export_is_pure_and_plan_binds_its_exact_bytes) ... ok
test_missing_cleanup_and_negative_observations_are_retained_as_failure (test_disposable_storage_settlement_drill.NativePreparationTests.test_missing_cleanup_and_negative_observations_are_retained_as_failure) ... ok
test_plan_has_no_runtime_effect_and_exact_owned_resources (test_disposable_storage_settlement_drill.NativePreparationTests.test_plan_has_no_runtime_effect_and_exact_owned_resources) ... ok
test_actual_verifier_refuses_fixture_native_relabel_and_callback (test_storage_write_settlement.StorageWriteSettlementTests.test_actual_verifier_refuses_fixture_native_relabel_and_callback) ... ok
test_ambiguous_consumer_outcome_keeps_pending_terminal (test_storage_write_settlement.StorageWriteSettlementTests.test_ambiguous_consumer_outcome_keeps_pending_terminal) ... ok
test_chain_corruption_with_valid_record_checksum_refuses (test_storage_write_settlement.StorageWriteSettlementTests.test_chain_corruption_with_valid_record_checksum_refuses) ... ok
test_changed_data_after_receipt_refuses_revalidation (test_storage_write_settlement.StorageWriteSettlementTests.test_changed_data_after_receipt_refuses_revalidation) ... ok
test_checksum_corruption_refuses (test_storage_write_settlement.StorageWriteSettlementTests.test_checksum_corruption_refuses) ... ok
test_constructor_clones_input_and_authority_callback_input (test_storage_write_settlement.StorageWriteSettlementTests.test_constructor_clones_input_and_authority_callback_input) ... ok
test_consumer_effect_fsync_lost_ack_does_not_execute_or_auto_retry (test_storage_write_settlement.StorageWriteSettlementTests.test_consumer_effect_fsync_lost_ack_does_not_execute_or_auto_retry) ... ok
test_current_generation_epoch_daemon_namespace_mount_and_root_mismatches (test_storage_write_settlement.StorageWriteSettlementTests.test_current_generation_epoch_daemon_namespace_mount_and_root_mismatches) ... ok
test_default_authority_refuses_and_preserves_pending_disk_record (test_storage_write_settlement.StorageWriteSettlementTests.test_default_authority_refuses_and_preserves_pending_disk_record) ... ok
test_duplicate_json_keys_refuse (test_storage_write_settlement.StorageWriteSettlementTests.test_duplicate_json_keys_refuse) ... ok
test_duplicate_sequence_with_valid_record_checksum_refuses (test_storage_write_settlement.StorageWriteSettlementTests.test_duplicate_sequence_with_valid_record_checksum_refuses) ... ok
test_every_enabled_effect_must_be_covered_and_have_no_active_work (test_storage_write_settlement.StorageWriteSettlementTests.test_every_enabled_effect_must_be_covered_and_have_no_active_work) ... ok
test_extra_or_missing_writer_cid_refuses (test_storage_write_settlement.StorageWriteSettlementTests.test_extra_or_missing_writer_cid_refuses) ... ok
test_fence_lost_ack_retains_pending_and_reobserves_after_retry (test_storage_write_settlement.StorageWriteSettlementTests.test_fence_lost_ack_retains_pending_and_reobserves_after_retry) ... ok
test_foreign_current_inventory_is_refused (test_storage_write_settlement.StorageWriteSettlementTests.test_foreign_current_inventory_is_refused) ... ok
test_global_and_neighbor_writer_scopes_refuse_at_enrollment (test_storage_write_settlement.StorageWriteSettlementTests.test_global_and_neighbor_writer_scopes_refuse_at_enrollment) ... ok
test_hardlinked_journal_and_lock_refuse (test_storage_write_settlement.StorageWriteSettlementTests.test_hardlinked_journal_and_lock_refuse) ... ok
test_inventory_digest_matches_catalog_numeric_property_order (test_storage_write_settlement.StorageWriteSettlementTests.test_inventory_digest_matches_catalog_numeric_property_order) ... ok
test_inventory_digest_preserves_nonascii_and_order (test_storage_write_settlement.StorageWriteSettlementTests.test_inventory_digest_preserves_nonascii_and_order) ... ok
test_inventory_digest_refuses_excessive_nested_material (test_storage_write_settlement.StorageWriteSettlementTests.test_inventory_digest_refuses_excessive_nested_material) ... ok
test_inventory_digest_refuses_fractional_numbers_outside_resource_codec (test_storage_write_settlement.StorageWriteSettlementTests.test_inventory_digest_refuses_fractional_numbers_outside_resource_codec) ... ok
test_inventory_digest_refuses_unpaired_surrogate_keys_and_values (test_storage_write_settlement.StorageWriteSettlementTests.test_inventory_digest_refuses_unpaired_surrogate_keys_and_values) ... ok
test_inventory_digest_rejects_non_json_and_unsafe_values (test_storage_write_settlement.StorageWriteSettlementTests.test_inventory_digest_rejects_non_json_and_unsafe_values) ... ok
test_journal_and_lock_created_with_private_regular_modes (test_storage_write_settlement.StorageWriteSettlementTests.test_journal_and_lock_created_with_private_regular_modes) ... ok
test_journal_wrong_context_refuses_before_new_effect (test_storage_write_settlement.StorageWriteSettlementTests.test_journal_wrong_context_refuses_before_new_effect) ... ok
test_launch_path_omission_and_restart_policy_refuse (test_storage_write_settlement.StorageWriteSettlementTests.test_launch_path_omission_and_restart_policy_refuse) ... ok
test_live_journal_owner_refuses_second_effect_authority (test_storage_write_settlement.StorageWriteSettlementTests.test_live_journal_owner_refuses_second_effect_authority) ... ok
test_lost_consumer_effect_ack_is_not_repeated_after_restart (test_storage_write_settlement.StorageWriteSettlementTests.test_lost_consumer_effect_ack_is_not_repeated_after_restart) ... ok
test_malformed_json_refuses_without_authority_calls (test_storage_write_settlement.StorageWriteSettlementTests.test_malformed_json_refuses_without_authority_calls) ... ok
test_manifest_reuse_foreign_operation_management_epoch_and_generation_refuses (test_storage_write_settlement.StorageWriteSettlementTests.test_manifest_reuse_foreign_operation_management_epoch_and_generation_refuses) ... ok
test_native_relabel_is_not_current_fixture_receipt (test_storage_write_settlement.StorageWriteSettlementTests.test_native_relabel_is_not_current_fixture_receipt) ... ok
test_observation_change_during_reconciliation_refuses_publication (test_storage_write_settlement.StorageWriteSettlementTests.test_observation_change_during_reconciliation_refuses_publication) ... ok
test_one_writer_settles_with_disk_receipt_and_all_enabled_effects (test_storage_write_settlement.StorageWriteSettlementTests.test_one_writer_settles_with_disk_receipt_and_all_enabled_effects) ... ok
test_partial_same_version_material_remains_unresolved_on_disk (test_storage_write_settlement.StorageWriteSettlementTests.test_partial_same_version_material_remains_unresolved_on_disk) ... ok
test_prepared_transactions_and_writer_sessions_refuse (test_storage_write_settlement.StorageWriteSettlementTests.test_prepared_transactions_and_writer_sessions_refuse) ... ok
test_public_journal_directory_refuses (test_storage_write_settlement.StorageWriteSettlementTests.test_public_journal_directory_refuses) ... ok
test_public_journal_or_lock_file_refuses (test_storage_write_settlement.StorageWriteSettlementTests.test_public_journal_or_lock_file_refuses) ... ok
test_receipt_exact_common_wire_fields_and_mutations_refuse (test_storage_write_settlement.StorageWriteSettlementTests.test_receipt_exact_common_wire_fields_and_mutations_refuse) ... ok
test_reconciliation_and_observer_changes_before_effect_refuse_execution (test_storage_write_settlement.StorageWriteSettlementTests.test_reconciliation_and_observer_changes_before_effect_refuse_execution) ... ok
test_recorded_consumer_effect_cannot_be_repeated (test_storage_write_settlement.StorageWriteSettlementTests.test_recorded_consumer_effect_cannot_be_repeated) ... ok
test_refresh_makes_old_receipt_stale (test_storage_write_settlement.StorageWriteSettlementTests.test_refresh_makes_old_receipt_stale) ... ok
test_remote_s3_provider_cannot_be_settled_by_fixture (test_storage_write_settlement.StorageWriteSettlementTests.test_remote_s3_provider_cannot_be_settled_by_fixture) ... ok
test_restart_reobserves_even_when_previous_writers_already_stopped (test_storage_write_settlement.StorageWriteSettlementTests.test_restart_reobserves_even_when_previous_writers_already_stopped) ... ok
test_stale_receipt_after_refresh_cannot_issue_consumer_effect (test_storage_write_settlement.StorageWriteSettlementTests.test_stale_receipt_after_refresh_cannot_issue_consumer_effect) ... ok
test_stop_lost_ack_retains_pending_and_reobserves_already_stopped (test_storage_write_settlement.StorageWriteSettlementTests.test_stop_lost_ack_retains_pending_and_reobserves_already_stopped) ... ok
test_stop_pending_fsync_lost_ack_has_no_issued_stop_and_reobserves (test_storage_write_settlement.StorageWriteSettlementTests.test_stop_pending_fsync_lost_ack_has_no_issued_stop_and_reobserves) ... ok
test_symlink_journal_and_lock_refuse_without_target_mutation (test_storage_write_settlement.StorageWriteSettlementTests.test_symlink_journal_and_lock_refuse_without_target_mutation) ... ok
test_symlink_root_refuses_even_with_private_target (test_storage_write_settlement.StorageWriteSettlementTests.test_symlink_root_refuses_even_with_private_target) ... ok
test_truncated_append_refuses_without_repairing_or_removing_it (test_storage_write_settlement.StorageWriteSettlementTests.test_truncated_append_refuses_without_repairing_or_removing_it) ... ok
test_two_exact_writer_cids_are_stopped_and_observed (test_storage_write_settlement.StorageWriteSettlementTests.test_two_exact_writer_cids_are_stopped_and_observed) ... ok
test_unlisted_writer_and_changed_neighbor_inventory_refuse (test_storage_write_settlement.StorageWriteSettlementTests.test_unlisted_writer_and_changed_neighbor_inventory_refuse) ... ok
test_untyped_callback_is_not_authority (test_storage_write_settlement.StorageWriteSettlementTests.test_untyped_callback_is_not_authority) ... ok

----------------------------------------------------------------------
Ran 60 tests in 0.069s

OK
