test_block_device_resolution_cannot_use_legacy_profile_bypass (test_host_entrypoints.CapabilityBridgeTests.test_block_device_resolution_cannot_use_legacy_profile_bypass) ... ok
test_failed_missing_timeout_and_malformed_probes_fail_closed (test_host_entrypoints.CapabilityBridgeTests.test_failed_missing_timeout_and_malformed_probes_fail_closed) ... ok
test_no_environment_pin_is_written_after_refusal (test_host_entrypoints.CapabilityBridgeTests.test_no_environment_pin_is_written_after_refusal) ... ok
test_safe_reason_and_action_survive_bridge (test_host_entrypoints.CapabilityBridgeTests.test_safe_reason_and_action_survive_bridge) ... ok
test_same_shell_contract_is_used_by_runtime_with_bounded_probe (test_host_entrypoints.CapabilityBridgeTests.test_same_shell_contract_is_used_by_runtime_with_bounded_probe) ... ok
test_shell_is_baked_and_whitelisted_for_rollback_admission (test_host_entrypoints.CapabilityBridgeTests.test_shell_is_baked_and_whitelisted_for_rollback_admission) ... ok
test_success_pins_default_endpoint_without_home_or_saved_context (test_host_entrypoints.CapabilityBridgeTests.test_success_pins_default_endpoint_without_home_or_saved_context) ... ok
test_unconfigured_remote_and_context_cannot_skip_policy (test_host_entrypoints.CapabilityBridgeTests.test_unconfigured_remote_and_context_cannot_skip_policy) ... ok
test_cli_refusal_leaves_owned_tree_unchanged_before_guard_or_diagnostics (test_host_entrypoints.EntryPointTests.test_cli_refusal_leaves_owned_tree_unchanged_before_guard_or_diagnostics) ... ok
test_cli_worker_and_runtime_guards_precede_mkdir_and_lock_creation (test_host_entrypoints.EntryPointTests.test_cli_worker_and_runtime_guards_precede_mkdir_and_lock_creation) ... ok
test_component_up_refuses_before_state_secrets_or_resources (test_host_entrypoints.EntryPointTests.test_component_up_refuses_before_state_secrets_or_resources) ... ok
test_durable_constructor_refuses_before_state_and_credentials (test_host_entrypoints.EntryPointTests.test_durable_constructor_refuses_before_state_and_credentials) ... ok
test_foreground_refuses_before_state_or_supervisor_locks (test_host_entrypoints.EntryPointTests.test_foreground_refuses_before_state_or_supervisor_locks) ... ok
test_install_refuses_before_operation_lock_or_dependency_install (test_host_entrypoints.EntryPointTests.test_install_refuses_before_operation_lock_or_dependency_install) ...  blocker  Docker profile refused: architecture_unvalidated. Action: check the declared local-v1 inputs with deploy/compose.sh check; use the candidate described in docs/engineering/HOST-PREFLIGHT.md.
    info  Pinned images were not inspected and installation containers were not enumerated: Docker daemon or profile validation failed from this process
Preflight: 1 blocker(s), 0 action(s)
ok
test_installation_refuses_before_settlement_or_startup_lease (test_host_entrypoints.EntryPointTests.test_installation_refuses_before_settlement_or_startup_lease) ... ok
test_pulls_refuse_even_without_profile_environment (test_host_entrypoints.EntryPointTests.test_pulls_refuse_even_without_profile_environment) ... ok
test_remote_endpoint_refuses_before_daemon_request (test_host_entrypoints.EntryPointTests.test_remote_endpoint_refuses_before_daemon_request) ... ok
test_resource_measurement_refuses_before_container_exec (test_host_entrypoints.EntryPointTests.test_resource_measurement_refuses_before_container_exec) ... ok
test_unit_render_apply_refuses_before_creating_unit_or_service_changes (test_host_entrypoints.EntryPointTests.test_unit_render_apply_refuses_before_creating_unit_or_service_changes) ... ok
test_all_declared_scalars_reject_control_bytes_before_queries (test_host_preflight.ShellAdmissionTests.test_all_declared_scalars_reject_control_bytes_before_queries) ... ok
test_all_startup_commands_are_gated (test_host_preflight.ShellAdmissionTests.test_all_startup_commands_are_gated) ... ok
test_architecture_and_os_refuse_before_daemon_query (test_host_preflight.ShellAdmissionTests.test_architecture_and_os_refuse_before_daemon_query) ... ok
test_bootstrap_smoke_upgrade_reject_overrides_and_arbitrary_arguments (test_host_preflight.ShellAdmissionTests.test_bootstrap_smoke_upgrade_reject_overrides_and_arbitrary_arguments) ... ok
test_bootstrap_smoke_upgrade_use_explicit_project_and_pinned_config (test_host_preflight.ShellAdmissionTests.test_bootstrap_smoke_upgrade_use_explicit_project_and_pinned_config) ... ok
test_canonical_aliases_and_root_directory_refusal (test_host_preflight.ShellAdmissionTests.test_canonical_aliases_and_root_directory_refusal) ... ok
test_cleanup_remains_possible_after_capability_failure (test_host_preflight.ShellAdmissionTests.test_cleanup_remains_possible_after_capability_failure) ... ok
test_compose_unavailable_and_invalid_version (test_host_preflight.ShellAdmissionTests.test_compose_unavailable_and_invalid_version) ... ok
test_context_override_refuses_before_path_reads (test_host_preflight.ShellAdmissionTests.test_context_override_refuses_before_path_reads) ... ok
test_controller_and_io_negatives (test_host_preflight.ShellAdmissionTests.test_controller_and_io_negatives) ... ok
test_daemon_scope_negatives (test_host_preflight.ShellAdmissionTests.test_daemon_scope_negatives) ... ok
test_declared_inputs_and_fixed_arguments (test_host_preflight.ShellAdmissionTests.test_declared_inputs_and_fixed_arguments) ... ok
test_default_security_is_exact (test_host_preflight.ShellAdmissionTests.test_default_security_is_exact) ... ok
test_env_file_and_ambient_inputs_cannot_cross_into_compose (test_host_preflight.ShellAdmissionTests.test_env_file_and_ambient_inputs_cannot_cross_into_compose) ... ok
test_filesystem_and_xfs_dtype (test_host_preflight.ShellAdmissionTests.test_filesystem_and_xfs_dtype) ... ok
test_missing_data_root_is_not_created (test_host_preflight.ShellAdmissionTests.test_missing_data_root_is_not_created) ... ok
test_modern_compose_major_is_candidate (test_host_preflight.ShellAdmissionTests.test_modern_compose_major_is_candidate) ... ok
test_modern_snapshotter_and_btrfs_candidate_is_not_a_support_claim (test_host_preflight.ShellAdmissionTests.test_modern_snapshotter_and_btrfs_candidate_is_not_a_support_claim) ... ok
test_multiline_probe_records_refuse_before_mutation (test_host_preflight.ShellAdmissionTests.test_multiline_probe_records_refuse_before_mutation) ... ok
test_native_runtime_uses_the_declared_host_socket (test_host_preflight.ShellAdmissionTests.test_native_runtime_uses_the_declared_host_socket) ... ok
test_numeric_port_aliases_conflict_before_mutation (test_host_preflight.ShellAdmissionTests.test_numeric_port_aliases_conflict_before_mutation) ... ok
test_partition_requires_the_runtime_whole_disk_mapping (test_host_preflight.ShellAdmissionTests.test_partition_requires_the_runtime_whole_disk_mapping) ... ok
test_remote_endpoint_refuses_before_daemon_query (test_host_preflight.ShellAdmissionTests.test_remote_endpoint_refuses_before_daemon_query) ... ok
test_resource_features_fail_closed (test_host_preflight.ShellAdmissionTests.test_resource_features_fail_closed) ... ok
test_runtime_skips_deployment_checks_and_compose_query (test_host_preflight.ShellAdmissionTests.test_runtime_skips_deployment_checks_and_compose_query) ... ok
test_success_and_projection_before_compose_mutation (test_host_preflight.ShellAdmissionTests.test_success_and_projection_before_compose_mutation) ... ok
test_unavailable_and_malformed_daemon_diagnostics (test_host_preflight.ShellAdmissionTests.test_unavailable_and_malformed_daemon_diagnostics) ... ok
test_unknown_filesystem_differs_from_missing_or_unavailable_capability (test_host_preflight.ShellAdmissionTests.test_unknown_filesystem_differs_from_missing_or_unavailable_capability) ... ok

----------------------------------------------------------------------
Ran 47 tests in 60.663s

OK
