test_alternative_controller_security_profiles_refuse (test_docker_profile.ProfileTests.test_alternative_controller_security_profiles_refuse) ... ok
test_checkout_bind_and_working_directory_are_exact (test_docker_profile.ProfileTests.test_checkout_bind_and_working_directory_are_exact) ... ok
test_configured_native_endpoint_is_local_and_matches_socket (test_docker_profile.ProfileTests.test_configured_native_endpoint_is_local_and_matches_socket) ... ok
test_configured_predicate_and_container_marker_contract (test_docker_profile.ProfileTests.test_configured_predicate_and_container_marker_contract) ... ok
test_context_and_remote_endpoint_refuse (test_docker_profile.ProfileTests.test_context_and_remote_endpoint_refuse) ... ok
test_controller_identity_is_exact_and_hostname_independent (test_docker_profile.ProfileTests.test_controller_identity_is_exact_and_hostname_independent) ... ok
test_daemon_root_identity_and_supported_profile (test_docker_profile.ProfileTests.test_daemon_root_identity_and_supported_profile) ... ok
test_host_cgroup_identity_formats_and_private_namespace_refusal (test_docker_profile.ProfileTests.test_host_cgroup_identity_formats_and_private_namespace_refusal) ... ok
test_malformed_daemon_and_inspection_objects_are_named_refusals (test_docker_profile.ProfileTests.test_malformed_daemon_and_inspection_objects_are_named_refusals) ... ok
test_mounts_must_be_exact_readonly_root_and_local_socket (test_docker_profile.ProfileTests.test_mounts_must_be_exact_readonly_root_and_local_socket) ... ok
test_paths_with_spaces_and_normalization (test_docker_profile.ProfileTests.test_paths_with_spaces_and_normalization) ... ok
test_validation_refuses_missing_root_before_device_consumption (test_docker_profile.ProfileTests.test_validation_refuses_missing_root_before_device_consumption) ... ok
test_cli_modes_keep_daemon_validation_separate_from_ast_read (test_docker_profile.RuntimeProfileTests.test_cli_modes_keep_daemon_validation_separate_from_ast_read) ... ok
test_custom_root_refuses_older_or_malformed_runtime (test_docker_profile.RuntimeProfileTests.test_custom_root_refuses_older_or_malformed_runtime) ... ok
test_default_root_allows_valid_historical_runtime (test_docker_profile.RuntimeProfileTests.test_default_root_allows_valid_historical_runtime) ... ok
test_default_root_still_refuses_malformed_runtime (test_docker_profile.RuntimeProfileTests.test_default_root_still_refuses_malformed_runtime) ... ok
test_marker_is_literal_and_checkout_side_effects_are_never_run (test_docker_profile.RuntimeProfileTests.test_marker_is_literal_and_checkout_side_effects_are_never_run) ... ok
test_reassigned_marker_refuses (test_docker_profile.RuntimeProfileTests.test_reassigned_marker_refuses) ... ok
test_baked_validator_allows_guard_in_historical_checkout (test_container_start.ContainerStartTests.test_baked_validator_allows_guard_in_historical_checkout) ... ok
test_guard_selected_unsupported_runtime_refuses_before_dependencies (test_container_start.ContainerStartTests.test_guard_selected_unsupported_runtime_refuses_before_dependencies) ... ok
test_unsupported_initial_runtime_refuses_before_guard (test_container_start.ContainerStartTests.test_unsupported_initial_runtime_refuses_before_guard) ... ok
test_a_closed_port_is_not_an_answer (test_install_server.ConsoleWaitTests.test_a_closed_port_is_not_an_answer) ... ok
test_a_deferred_unit_is_enabled_without_starting_or_waiting (test_install_server.ConsoleWaitTests.test_a_deferred_unit_is_enabled_without_starting_or_waiting) ... deferred: the unit is enabled and starts once the installation exists
rendered unit verified
evidence: /tmp/tmpg59t9b9m/unit.json
unit installed and enabled; not started yet
ok
test_a_failed_unit_ends_the_wait_at_once (test_install_server.ConsoleWaitTests.test_a_failed_unit_ends_the_wait_at_once) ... ok
test_a_listening_console_answers_even_with_a_client_error_status (test_install_server.ConsoleWaitTests.test_a_listening_console_answers_even_with_a_client_error_status) ... ok
test_a_non_loopback_address_is_refused (test_install_server.ConsoleWaitTests.test_a_non_loopback_address_is_refused) ... ok
test_a_server_error_is_not_an_answer (test_install_server.ConsoleWaitTests.test_a_server_error_is_not_an_answer) ... ok
test_a_stale_record_the_supervisor_does_not_own_is_not_an_answer (test_install_server.ConsoleWaitTests.test_a_stale_record_the_supervisor_does_not_own_is_not_an_answer) ... ok
test_an_activating_unit_keeps_the_wait_going (test_install_server.ConsoleWaitTests.test_an_activating_unit_keeps_the_wait_going) ... ok
test_an_applied_unit_is_started_and_waited_for (test_install_server.ConsoleWaitTests.test_an_applied_unit_is_started_and_waited_for) ... console answered
rendered unit verified
evidence: /tmp/tmp5xc2eh17/unit.json
unit installed and started
ok
test_no_record_yet_is_not_an_answer (test_install_server.ConsoleWaitTests.test_no_record_yet_is_not_an_answer) ... ok
test_the_unit_is_recorded_applied_only_after_its_console_answers (test_install_server.ConsoleWaitTests.test_the_unit_is_recorded_applied_only_after_its_console_answers) ... console answered
rendered unit verified
evidence: /tmp/tmp85x04m_y/unit.json
unit installed and started
no answer
ok
test_the_wait_ends_when_the_console_answers (test_install_server.ConsoleWaitTests.test_the_wait_ends_when_the_console_answers) ... ok
test_the_wait_is_bounded_and_names_the_last_observation (test_install_server.ConsoleWaitTests.test_the_wait_is_bounded_and_names_the_last_observation) ... ok
test_direct_images_command_refuses_before_image_mutations (test_install_server.DockerProfilePreflightTests.test_direct_images_command_refuses_before_image_mutations) ...  blocker  Docker profile refused: docker_data_root_mismatch. Action: check the declared local-v1 inputs with deploy/compose.sh check; use the candidate described in docs/engineering/HOST-PREFLIGHT.md.
Docker profile: 1 blocker(s), 0 action(s)
ok
test_explicit_context_takes_precedence_over_host_in_diagnostics (test_install_server.DockerProfilePreflightTests.test_explicit_context_takes_precedence_over_host_in_diagnostics) ... ok
test_explicit_host_does_not_use_default_context (test_install_server.DockerProfilePreflightTests.test_explicit_host_does_not_use_default_context) ... ok
test_image_helper_refuses_before_inventory_or_pull (test_install_server.DockerProfilePreflightTests.test_image_helper_refuses_before_inventory_or_pull) ... ok
test_refused_profile_prevents_inventory_and_install_mutations (test_install_server.DockerProfilePreflightTests.test_refused_profile_prevents_inventory_and_install_mutations) ...  blocker  Docker profile refused: docker_data_root_mismatch. Action: check the declared local-v1 inputs with deploy/compose.sh check; use the candidate described in docs/engineering/HOST-PREFLIGHT.md.
    info  Pinned images were not inspected and installation containers were not enumerated: Docker daemon or profile validation failed from this process
Preflight: 1 blocker(s), 0 action(s)
ok
test_valid_configured_profile_is_checked_before_inventory (test_install_server.DockerProfilePreflightTests.test_valid_configured_profile_is_checked_before_inventory) ... ok
test_a_missing_cryptography_module_names_the_package (test_install_server.InterpreterPreflightTests.test_a_missing_cryptography_module_names_the_package) ... ok
test_an_older_interpreter_is_a_blocker_that_names_the_floor (test_install_server.InterpreterPreflightTests.test_an_older_interpreter_is_a_blocker_that_names_the_floor) ... ok
test_the_ubuntu_and_debian_interpreters_pass (test_install_server.InterpreterPreflightTests.test_the_ubuntu_and_debian_interpreters_pass) ... ok
test_a_container_that_ran_is_still_a_retained_source_to_adopt (test_install_server.InterruptedFirstInstallTests.test_a_container_that_ran_is_still_a_retained_source_to_adopt) ... ok
test_never_started_containers_are_named_as_an_interrupted_install (test_install_server.InterruptedFirstInstallTests.test_never_started_containers_are_named_as_an_interrupted_install) ... ok
test_a_pull_has_its_own_long_budget_and_shows_progress (test_install_server.PinnedImagePullTests.test_a_pull_has_its_own_long_budget_and_shows_progress) ... pulling 1/5 db (attempt 1 of 4; the first install downloads several GB)
ok
test_a_retry_that_succeeds_continues_the_install (test_install_server.PinnedImagePullTests.test_a_retry_that_succeeds_continues_the_install) ... pulling 1/5 db (attempt 1 of 4; the first install downloads several GB)
pull of db failed; trying again in 15 s (layers already downloaded are kept)
pulling 1/5 db (attempt 2 of 4; the first install downloads several GB)
pull of db failed; trying again in 45 s (layers already downloaded are kept)
pulling 1/5 db (attempt 3 of 4; the first install downloads several GB)
ok
test_a_timed_out_pull_is_retried_then_named (test_install_server.PinnedImagePullTests.test_a_timed_out_pull_is_retried_then_named) ... pulling 1/5 db (attempt 1 of 4; the first install downloads several GB)
pull of db exceeded 3600 s
pull of db failed; trying again in 15 s (layers already downloaded are kept)
pulling 1/5 db (attempt 2 of 4; the first install downloads several GB)
pull of db exceeded 3600 s
pull of db failed; trying again in 45 s (layers already downloaded are kept)
pulling 1/5 db (attempt 3 of 4; the first install downloads several GB)
pull of db exceeded 3600 s
pull of db failed; trying again in 90 s (layers already downloaded are kept)
pulling 1/5 db (attempt 4 of 4; the first install downloads several GB)
pull of db exceeded 3600 s
ok
test_plan_lists_the_verified_steps (test_install_server.PlanTests.test_plan_lists_the_verified_steps) ... ok
test_current_target_with_pin_is_not_a_blocker (test_install_server.TargetClassificationTests.test_current_target_with_pin_is_not_a_blocker) ... ok
test_current_target_without_pin_blocks (test_install_server.TargetClassificationTests.test_current_target_without_pin_blocks) ... ok
test_historical_target_without_pin_is_information_only (test_install_server.TargetClassificationTests.test_historical_target_without_pin_is_information_only) ... ok
test_no_current_target_reports_history_only (test_install_server.TargetClassificationTests.test_no_current_target_reports_history_only) ... ok
test_service_containers_are_not_treated_as_databases (test_install_server.TargetClassificationTests.test_service_containers_are_not_treated_as_databases) ... ok
test_no_pull_or_fresh_install_claim_is_made_without_a_daemon (test_install_server.UnreachableDaemonPreflightTests.test_no_pull_or_fresh_install_claim_is_made_without_a_daemon) ... ok
test_the_endpoint_it_tried_is_named (test_install_server.UnreachableDaemonPreflightTests.test_the_endpoint_it_tried_is_named) ... ok
test_with_a_reachable_daemon_the_inventory_is_reported (test_install_server.UnreachableDaemonPreflightTests.test_with_a_reachable_daemon_the_inventory_is_reported) ... ok
test_a_second_installer_is_refused_while_one_holds_the_lock (test_install_lock.InstallLockHandoffTests.test_a_second_installer_is_refused_while_one_holds_the_lock) ... ok
test_the_installer_releases_the_lock_even_when_a_step_fails (test_install_lock.InstallLockHandoffTests.test_the_installer_releases_the_lock_even_when_a_step_fails) ... Preflight: 0 blocker(s), 0 action(s)
step 1/5  state and secret directories prepared
step 2/5  pinned images present and verified
ok
test_the_installer_stops_when_the_runtime_refuses_to_start (test_install_lock.InstallLockHandoffTests.test_the_installer_stops_when_the_runtime_refuses_to_start) ... Preflight: 0 blocker(s), 0 action(s)
step 1/5  state and secret directories prepared
step 2/5  pinned images present and verified
step 3/5  console built and verified
ok
test_the_operation_lock_is_free_when_the_runtime_starts (test_install_lock.InstallLockHandoffTests.test_the_operation_lock_is_free_when_the_runtime_starts) ... Preflight: 0 blocker(s), 0 action(s)
step 1/5  state and secret directories prepared
step 2/5  pinned images present and verified
step 3/5  console built and verified
step 4/5  owned runtime started
step 5/5  operator bootstrap skipped; run: /usr/bin/python3 lab/bootstrap.py
Installation ready. Supervise it with deploy/sbarbase.service or the foreground supervisor
(bun lab/upstream-server.ts starts the console API beside the owned runtime).
Smoke test (console running): /usr/bin/python3 lab/install_server.py smoke
ok
test_the_plan_names_the_lock_handoff (test_install_lock.PlanTests.test_the_plan_names_the_lock_handoff) ... ok
test_a_bun_directory_with_a_space_or_percent_is_refused (test_supervisor_unit.IdentityValidationTests.test_a_bun_directory_with_a_space_or_percent_is_refused) ... ok
test_a_relative_home_is_refused (test_supervisor_unit.IdentityValidationTests.test_a_relative_home_is_refused) ... ok
test_a_service_user_with_a_newline_is_refused (test_supervisor_unit.IdentityValidationTests.test_a_service_user_with_a_newline_is_refused) ... ok
test_valid_identities_pass (test_supervisor_unit.IdentityValidationTests.test_valid_identities_pass) ... ok
test_a_dry_run_for_a_missing_account_still_renders_and_says_so (test_supervisor_unit.InstallGuardTests.test_a_dry_run_for_a_missing_account_still_renders_and_says_so) ... note: service account sbarbase does not exist on this host; the unit will not start until it does
rendered unit verified
evidence: /tmp/tmpmy2phtb9/supervisor-unit.json
dry run: install it with  sudo /usr/bin/python3 lab/install_server.py supervise --apply
ok
test_a_dry_run_writes_its_evidence_where_asked_and_touches_nothing_tracked (test_supervisor_unit.InstallGuardTests.test_a_dry_run_writes_its_evidence_where_asked_and_touches_nothing_tracked) ... note: service account sbarbase does not exist on this host; the unit will not start until it does
rendered unit verified
evidence: /tmp/tmp1shtfpgj/supervisor-unit.json
dry run: install it with  sudo /usr/bin/python3 lab/install_server.py supervise --apply
ok
test_a_failing_install_step_is_reported_without_a_traceback (test_supervisor_unit.InstallGuardTests.test_a_failing_install_step_is_reported_without_a_traceback) ... ok
test_a_missing_bun_is_refused_instead_of_substituting_usr_bin (test_supervisor_unit.InstallGuardTests.test_a_missing_bun_is_refused_instead_of_substituting_usr_bin) ... ok
test_a_present_account_is_recorded (test_supervisor_unit.InstallGuardTests.test_a_present_account_is_recorded) ... rendered unit verified
evidence: /tmp/tmpqp8xmihp/supervisor-unit.json
dry run: install it with  sudo /usr/bin/python3 lab/install_server.py supervise --apply
ok
test_a_unit_that_fails_verification_is_never_installed (test_supervisor_unit.InstallGuardTests.test_a_unit_that_fails_verification_is_never_installed) ... ok
test_an_installed_unit_that_never_becomes_active_fails_the_run (test_supervisor_unit.InstallGuardTests.test_an_installed_unit_that_never_becomes_active_fails_the_run) ... ok
test_installing_for_an_account_that_does_not_exist_is_refused (test_supervisor_unit.InstallGuardTests.test_installing_for_an_account_that_does_not_exist_is_refused) ... ok
test_installing_requires_root (test_supervisor_unit.InstallGuardTests.test_installing_requires_root) ... ok
test_a_missing_bun_directory_is_refused (test_supervisor_unit.RenderingTests.test_a_missing_bun_directory_is_refused) ... ok
test_a_unit_whose_shape_changed_is_not_rewritten_blindly (test_supervisor_unit.RenderingTests.test_a_unit_whose_shape_changed_is_not_rewritten_blindly) ... ok
test_every_shipped_default_path_is_replaced (test_supervisor_unit.RenderingTests.test_every_shipped_default_path_is_replaced) ... ok
test_host_admission_precedes_the_upgrade_guard_in_a_rendered_unit (test_supervisor_unit.RenderingTests.test_host_admission_precedes_the_upgrade_guard_in_a_rendered_unit) ... ok
test_the_install_commands_name_the_rendered_file_not_a_placeholder (test_supervisor_unit.RenderingTests.test_the_install_commands_name_the_rendered_file_not_a_placeholder) ... ok
test_the_leftover_stop_runs_between_the_guard_and_the_preflight (test_supervisor_unit.RenderingTests.test_the_leftover_stop_runs_between_the_guard_and_the_preflight) ... ok
test_the_service_user_is_applied (test_supervisor_unit.RenderingTests.test_the_service_user_is_applied) ... ok
test_the_shipped_default_layout_renders (test_supervisor_unit.RenderingTests.test_the_shipped_default_layout_renders)
/opt/sbarbase is the layout the shipped unit already names; rendering it ... ok
test_no_rendered_unit_demands_a_path_outside_the_repository (test_supervisor_unit.WriteAccessTests.test_no_rendered_unit_demands_a_path_outside_the_repository) ... ok
test_the_installation_keeps_its_secrets_under_the_checkout (test_supervisor_unit.WriteAccessTests.test_the_installation_keeps_its_secrets_under_the_checkout) ... ok
test_write_access_is_granted_only_inside_the_checkout (test_supervisor_unit.WriteAccessTests.test_write_access_is_granted_only_inside_the_checkout) ... ok
test_a_leftover_runtime_is_stopped_after_the_guard_and_before_the_preflight (test_supervised_run.MirrorFidelityTests.test_a_leftover_runtime_is_stopped_after_the_guard_and_before_the_preflight)
A killed supervisor leaves the owned containers running; the preflight refuses on them, ... ok
test_host_admission_precedes_upgrade_guard_and_the_unit_keeps_restarting (test_supervised_run.MirrorFidelityTests.test_host_admission_precedes_upgrade_guard_and_the_unit_keeps_restarting) ... ok
test_the_mirror_keeps_the_preflight_gate_and_the_working_directory (test_supervised_run.MirrorFidelityTests.test_the_mirror_keeps_the_preflight_gate_and_the_working_directory) ... ok
test_the_mirror_uses_the_same_python_and_entry_points (test_supervised_run.MirrorFidelityTests.test_the_mirror_uses_the_same_python_and_entry_points) ... ok
test_the_scope_states_what_this_does_not_prove (test_supervised_run.MirrorFidelityTests.test_the_scope_states_what_this_does_not_prove) ... ok
test_the_shipped_unit_still_gates_on_the_preflight (test_supervised_run.MirrorFidelityTests.test_the_shipped_unit_still_gates_on_the_preflight) ... ok
test_the_temporary_unit_is_always_removed (test_supervised_run.MirrorFidelityTests.test_the_temporary_unit_is_always_removed) ... ok
test_an_unreachable_daemon_names_what_was_tried (test_supervised_run.ServiceEnvironmentTests.test_an_unreachable_daemon_names_what_was_tried) ... ok
test_only_present_docker_settings_are_forwarded (test_supervised_run.ServiceEnvironmentTests.test_only_present_docker_settings_are_forwarded) ... ok
test_the_mirror_unit_carries_the_docker_host_when_the_shell_has_one (test_supervised_run.ServiceEnvironmentTests.test_the_mirror_unit_carries_the_docker_host_when_the_shell_has_one) ... ok
test_without_a_docker_host_the_context_endpoint_is_named (test_supervised_run.ServiceEnvironmentTests.test_without_a_docker_host_the_context_endpoint_is_named) ... ok
test_a_device_known_to_sysfs_but_absent_from_dev_is_accepted (test_resource_policy.BlockIOLimits.test_a_device_known_to_sysfs_but_absent_from_dev_is_accepted) ... ok
test_a_file_is_not_a_volume_root (test_resource_policy.BlockIOLimits.test_a_file_is_not_a_volume_root) ... ok
test_a_kernel_root_name_resolves_through_the_device_numbers (test_resource_policy.BlockIOLimits.test_a_kernel_root_name_resolves_through_the_device_numbers) ... ok
test_a_missing_volume_root_never_resolves_its_existing_parent (test_resource_policy.BlockIOLimits.test_a_missing_volume_root_never_resolves_its_existing_parent) ... ok
test_a_partition_is_limited_through_its_whole_disk (test_resource_policy.BlockIOLimits.test_a_partition_is_limited_through_its_whole_disk) ... ok
test_an_existing_custom_volume_root_is_the_exact_discovery_target (test_resource_policy.BlockIOLimits.test_an_existing_custom_volume_root_is_the_exact_discovery_target) ... ok
test_every_tier_in_the_table_has_an_io_row (test_resource_policy.BlockIOLimits.test_every_tier_in_the_table_has_an_io_row) ... ok
test_io_device_falls_back_to_numbers_when_the_name_is_unknown (test_resource_policy.BlockIOLimits.test_io_device_falls_back_to_numbers_when_the_name_is_unknown) ... ok
test_io_device_refuses_a_source_that_is_not_a_block_device (test_resource_policy.BlockIOLimits.test_io_device_refuses_a_source_that_is_not_a_block_device) ... ok
test_io_device_takes_the_device_from_a_subvolume_mount_source (test_resource_policy.BlockIOLimits.test_io_device_takes_the_device_from_a_subvolume_mount_source) ... ok
test_io_flags_put_the_resolved_device_on_every_limit (test_resource_policy.BlockIOLimits.test_io_flags_put_the_resolved_device_on_every_limit) ... ok
test_io_flags_refuse_an_unknown_tier (test_resource_policy.BlockIOLimits.test_io_flags_refuse_an_unknown_tier) ... ok
test_io_flags_refuse_when_no_device_could_be_resolved (test_resource_policy.BlockIOLimits.test_io_flags_refuse_when_no_device_could_be_resolved) ... ok
test_the_io_order_follows_the_tier_order (test_resource_policy.BlockIOLimits.test_the_io_order_follows_the_tier_order) ... ok
test_the_launch_path_passes_the_io_flags (test_resource_policy.BlockIOLimits.test_the_launch_path_passes_the_io_flags) ... ok
test_a_container_the_literal_list_never_named_is_counted (test_resource_policy.DerivedPlacementTests.test_a_container_the_literal_list_never_named_is_counted) ... ok
test_a_running_container_under_an_unrecorded_owner_refuses (test_resource_policy.DerivedPlacementTests.test_a_running_container_under_an_unrecorded_owner_refuses)
A third owner label escapes the two filtered queries and spends the ceiling. ... ok
test_a_second_recovery_target_generation_is_reported_not_refused (test_resource_policy.DerivedPlacementTests.test_a_second_recovery_target_generation_is_reported_not_refused)
Two retained generations share one owner label; only the recorded one is counted. ... ok
test_a_stopped_container_under_an_unrecorded_owner_is_named_not_silent (test_resource_policy.DerivedPlacementTests.test_a_stopped_container_under_an_unrecorded_owner_is_named_not_silent)
A stopped container consumes nothing, so it is reported instead of refused. ... ok
test_ceiling_check_sees_the_container_the_list_omitted (test_resource_policy.DerivedPlacementTests.test_ceiling_check_sees_the_container_the_list_omitted) ... ok
test_counted_container_must_carry_a_finite_limit (test_resource_policy.DerivedPlacementTests.test_counted_container_must_carry_a_finite_limit) ... ok
test_counted_container_must_carry_a_policy_tier (test_resource_policy.DerivedPlacementTests.test_counted_container_must_carry_a_policy_tier) ... ok
test_owned_container_outside_the_recorded_placement_refuses (test_resource_policy.DerivedPlacementTests.test_owned_container_outside_the_recorded_placement_refuses) ... ok
test_recorded_placement_container_must_exist (test_resource_policy.DerivedPlacementTests.test_recorded_placement_container_must_exist) ... ok
test_cache_separates_normalized_roots_and_daemon_identities (test_resource_policy.DeviceProfileCache.test_cache_separates_normalized_roots_and_daemon_identities) ... ok
test_container_policy_refuses_profile_before_device_discovery (test_resource_policy.DeviceProfileCache.test_container_policy_refuses_profile_before_device_discovery) ... ok
test_every_launch_call_site_passes_a_tier (test_resource_policy.LaunchFlagTests.test_every_launch_call_site_passes_a_tier) ... ok
test_launch_keeps_memory_swap_and_every_existing_flag (test_resource_policy.LaunchFlagTests.test_launch_keeps_memory_swap_and_every_existing_flag) ... ok
test_launch_passes_the_tier_weight_and_io_flags (test_resource_policy.LaunchFlagTests.test_launch_passes_the_tier_weight_and_io_flags) ... ok
test_launch_refuses_a_tier_the_policy_does_not_know (test_resource_policy.LaunchFlagTests.test_launch_refuses_a_tier_the_policy_does_not_know) ... ok
test_launch_refuses_limits_that_disagree_with_the_tier (test_resource_policy.LaunchFlagTests.test_launch_refuses_limits_that_disagree_with_the_tier) ... ok
test_system_rows_use_their_own_weight (test_resource_policy.LaunchFlagTests.test_system_rows_use_their_own_weight) ... ok
test_every_recovery_target_creation_site_carries_the_label (test_resource_policy.MaintenanceLabels.test_every_recovery_target_creation_site_carries_the_label) ... ok
test_labels_carry_the_class_the_weights_and_the_io_flags (test_resource_policy.MaintenanceLabels.test_labels_carry_the_class_the_weights_and_the_io_flags) ... ok
test_labels_refuse_an_unknown_tier (test_resource_policy.MaintenanceLabels.test_labels_refuse_an_unknown_tier) ... ok
test_class_names_are_the_five_in_the_design (test_resource_policy.TierTableTests.test_class_names_are_the_five_in_the_design) ... ok
test_every_row_matches_the_design_table (test_resource_policy.TierTableTests.test_every_row_matches_the_design_table) ... ok
test_known_label_accepts_only_the_table_classes (test_resource_policy.TierTableTests.test_known_label_accepts_only_the_table_classes) ... ok
test_lookup_returns_the_container_flags_for_a_tier (test_resource_policy.TierTableTests.test_lookup_returns_the_container_flags_for_a_tier) ... ok
test_tier_with_a_missing_weight_refuses (test_resource_policy.TierTableTests.test_tier_with_a_missing_weight_refuses) ... ok
test_unknown_tier_refuses (test_resource_policy.TierTableTests.test_unknown_tier_refuses) ... ok
test_btrfs_inode_unavailability_is_explicit (test_resource_admission.ResourceAdmissionTests.test_btrfs_inode_unavailability_is_explicit) ... ok
test_each_resource_can_refuse_independently (test_resource_admission.ResourceAdmissionTests.test_each_resource_can_refuse_independently) ... ok
test_failed_measurement_never_allocates (test_resource_admission.ResourceAdmissionTests.test_failed_measurement_never_allocates) ... ok
test_low_memory_never_allocates (test_resource_admission.ResourceAdmissionTests.test_low_memory_never_allocates) ... ok
test_threshold_and_large_memory_do_not_override_disk (test_resource_admission.ResourceAdmissionTests.test_threshold_and_large_memory_do_not_override_disk) ... ok
test_controller_recipe_meets_input_contract (test_runtime_build_inputs.RuntimeBuildInputTests.test_controller_recipe_meets_input_contract) ... ok
test_forward_numeric_stage_refuses (test_runtime_build_inputs.RuntimeBuildInputTests.test_forward_numeric_stage_refuses) ... ok
test_masked_update_error_refuses (test_runtime_build_inputs.RuntimeBuildInputTests.test_masked_update_error_refuses) ... ok
test_missing_or_substituted_ca_bundle_construction_refuses (test_runtime_build_inputs.RuntimeBuildInputTests.test_missing_or_substituted_ca_bundle_construction_refuses) ... ok
test_missing_or_substituted_checksum_package_extraction_refuses (test_runtime_build_inputs.RuntimeBuildInputTests.test_missing_or_substituted_checksum_package_extraction_refuses) ... ok
test_missing_or_substituted_https_ca_configuration_refuses (test_runtime_build_inputs.RuntimeBuildInputTests.test_missing_or_substituted_https_ca_configuration_refuses) ... ok
test_missing_runtime_tools_or_startup_refuses (test_runtime_build_inputs.RuntimeBuildInputTests.test_missing_runtime_tools_or_startup_refuses) ... ok
test_missing_snapshot_refuses (test_runtime_build_inputs.RuntimeBuildInputTests.test_missing_snapshot_refuses) ... ok
test_mutable_base_image_refuses (test_runtime_build_inputs.RuntimeBuildInputTests.test_mutable_base_image_refuses) ... ok
test_mutable_ca_download_refuses (test_runtime_build_inputs.RuntimeBuildInputTests.test_mutable_ca_download_refuses) ... ok
test_mutable_external_copy_refuses (test_runtime_build_inputs.RuntimeBuildInputTests.test_mutable_external_copy_refuses) ... ok
test_mutable_stage_source_refuses (test_runtime_build_inputs.RuntimeBuildInputTests.test_mutable_stage_source_refuses) ... ok
test_one_unguarded_update_among_guarded_updates_refuses (test_runtime_build_inputs.RuntimeBuildInputTests.test_one_unguarded_update_among_guarded_updates_refuses) ... ok
test_overridden_apt_error_policy_refuses (test_runtime_build_inputs.RuntimeBuildInputTests.test_overridden_apt_error_policy_refuses) ... ok
test_package_update_before_https_trust_refuses (test_runtime_build_inputs.RuntimeBuildInputTests.test_package_update_before_https_trust_refuses) ... ok
test_partial_apt_update_errors_refuse (test_runtime_build_inputs.RuntimeBuildInputTests.test_partial_apt_update_errors_refuse) ... ok
test_self_referencing_stage_refuses (test_runtime_build_inputs.RuntimeBuildInputTests.test_self_referencing_stage_refuses) ... ok
test_stage_aliases_and_numeric_copies_are_resolved (test_runtime_build_inputs.RuntimeBuildInputTests.test_stage_aliases_and_numeric_copies_are_resolved) ... ok
test_substituted_digest_refuses (test_runtime_build_inputs.RuntimeBuildInputTests.test_substituted_digest_refuses) ... ok
test_unknown_alias_is_external_and_refuses (test_runtime_build_inputs.RuntimeBuildInputTests.test_unknown_alias_is_external_and_refuses) ... ok
test_inventory_reports_nonmissing_native_error_as_blocker (test_image_identity.InspectFailureTests.test_inventory_reports_nonmissing_native_error_as_blocker) ... ok
test_nonmissing_failures_block_even_after_a_truly_missing_entry (test_image_identity.InspectFailureTests.test_nonmissing_failures_block_even_after_a_truly_missing_entry) ... ok
test_invalid_existing_proof_is_blocker_and_never_pulls (test_image_identity.InstallerTests.test_invalid_existing_proof_is_blocker_and_never_pulls) ... ok
test_inventory_uses_qualified_reference_and_proves_config_id (test_image_identity.InstallerTests.test_inventory_uses_qualified_reference_and_proves_config_id) ... ok
test_malformed_lock_entry_is_not_silently_omitted (test_image_identity.InstallerTests.test_malformed_lock_entry_is_not_silently_omitted) ... ok
test_missing_exact_reference_pulls_exact_ref_then_proves_it (test_image_identity.InstallerTests.test_missing_exact_reference_pulls_exact_ref_then_proves_it) ... ok
test_pull_with_no_qualified_digest_proof_refuses (test_image_identity.InstallerTests.test_pull_with_no_qualified_digest_proof_refuses) ... ok
test_absence_substring_or_unexpected_stdout_is_not_proof (test_image_identity.MissingEvidenceTests.test_absence_substring_or_unexpected_stdout_is_not_proof) ... ok
test_native_missing_alias_is_bound_to_requested_reference (test_image_identity.MissingEvidenceTests.test_native_missing_alias_is_bound_to_requested_reference) ... ok
test_subprocess_failure_blocks_inventory_and_accumulated_pulls (test_image_identity.MissingEvidenceTests.test_subprocess_failure_blocks_inventory_and_accumulated_pulls) ... ok
test_docker_hub_aliases_are_explicitly_normalized (test_image_identity.ReferenceTests.test_docker_hub_aliases_are_explicitly_normalized) ... ok
test_malformed_repository_and_digest_are_rejected (test_image_identity.ReferenceTests.test_malformed_repository_and_digest_are_rejected) ... ok
test_no_bare_digest_tag_or_missing_reference_fallback (test_image_identity.ReferenceTests.test_no_bare_digest_tag_or_missing_reference_fallback) ... ok
test_registry_port_is_preserved (test_image_identity.ReferenceTests.test_registry_port_is_preserved) ... ok
test_version_tag_is_never_used_as_runtime_reference (test_image_identity.ReferenceTests.test_version_tag_is_never_used_as_runtime_reference) ... ok
test_wrong_repository_or_conflicting_lock_digest_refuses (test_image_identity.ReferenceTests.test_wrong_repository_or_conflicting_lock_digest_refuses) ... ok
test_additional_valid_daemon_repository_is_not_authorization (test_image_identity.ResolutionTests.test_additional_valid_daemon_repository_is_not_authorization) ... ok
test_checker_retains_inspect_parse_error (test_image_identity.ResolutionTests.test_checker_retains_inspect_parse_error) ... ok
test_index_and_config_shaped_daemon_ids_both_resolve (test_image_identity.ResolutionTests.test_index_and_config_shaped_daemon_ids_both_resolve) ... ok
test_inspect_requires_single_complete_record (test_image_identity.ResolutionTests.test_inspect_requires_single_complete_record) ... ok
test_local_id_tags_and_digest_substrings_never_authorize (test_image_identity.ResolutionTests.test_local_id_tags_and_digest_substrings_never_authorize) ... ok
test_config_identity_cannot_authorize_logical_upgrade (test_durable_image_identity.DurableIdentityTests.test_config_identity_cannot_authorize_logical_upgrade) ... ok
test_creation_uses_exact_repository_and_forbids_pull (test_durable_image_identity.DurableIdentityTests.test_creation_uses_exact_repository_and_forbids_pull) ... ok
test_daemon_failure_is_retained_and_never_pulls (test_durable_image_identity.DurableIdentityTests.test_daemon_failure_is_retained_and_never_pulls) ... ok
test_database_is_never_authorized_by_stateless_upgrade_intent (test_durable_image_identity.DurableIdentityTests.test_database_is_never_authorized_by_stateless_upgrade_intent) ... ok
test_hba_receives_daemon_id_and_existing_authority_is_not_rewritten (test_durable_image_identity.DurableIdentityTests.test_hba_receives_daemon_id_and_existing_authority_is_not_rewritten) ... ok
test_incomplete_logical_pin_never_inspects_or_mutates (test_durable_image_identity.DurableIdentityTests.test_incomplete_logical_pin_never_inspects_or_mutates) ... ok
test_index_resolves_to_distinct_config_identity_for_retained_start (test_durable_image_identity.DurableIdentityTests.test_index_resolves_to_distinct_config_identity_for_retained_start) ... ok
test_logical_upgrade_allows_stateless_replacement_with_exact_reference (test_durable_image_identity.DurableIdentityTests.test_logical_upgrade_allows_stateless_replacement_with_exact_reference) ... ok
test_proof_failures_precede_resource_inspection_and_all_mutation (test_durable_image_identity.DurableIdentityTests.test_proof_failures_precede_resource_inspection_and_all_mutation) ... ok
test_volume_and_network_guards_remain_required (test_durable_image_identity.DurableIdentityTests.test_volume_and_network_guards_remain_required) ... ok
test_changed_image_never_starts_or_removes_container (test_runtime_reuse.RuntimeReuseTests.test_changed_image_never_starts_or_removes_container) ... ok
test_changed_secret_fails_without_disclosing_value (test_runtime_reuse.RuntimeReuseTests.test_changed_secret_fails_without_disclosing_value) ... ok
test_missing_configuration_is_not_accepted (test_runtime_reuse.RuntimeReuseTests.test_missing_configuration_is_not_accepted) ... ok
test_rechecks_owner_after_initial_lookup (test_runtime_reuse.RuntimeReuseTests.test_rechecks_owner_after_initial_lookup) ... ok
test_resolves_manifest_digest_and_keeps_image_defaults (test_runtime_reuse.RuntimeReuseTests.test_resolves_manifest_digest_and_keeps_image_defaults) ... ok
test_unresolved_image_is_not_accepted (test_runtime_reuse.RuntimeReuseTests.test_unresolved_image_is_not_accepted) ... ok
test_missing_publication_or_deadline_drift_refuses_activation (test_runtime_resume.ResumeTests.test_missing_publication_or_deadline_drift_refuses_activation) ... ok
test_missing_storage_tenant_on_resume_never_posts (test_runtime_resume.ResumeTests.test_missing_storage_tenant_on_resume_never_posts) ... ok
test_published_resume_validates_without_database_mutation (test_runtime_resume.ResumeTests.test_published_resume_validates_without_database_mutation) ... ok
test_resume_container_disappearance_cannot_fall_back_to_create (test_runtime_resume.ResumeTests.test_resume_container_disappearance_cannot_fall_back_to_create) ... ok
test_cancelled_stage_reaped (test_supervisor.SupervisorTests.test_cancelled_stage_reaped) ... ok
test_group_cleanup_retains_owned_leader (test_supervisor.SupervisorTests.test_group_cleanup_retains_owned_leader) ... ok
test_parent_retains_lock_after_worker_exit (test_supervisor.SupervisorTests.test_parent_retains_lock_after_worker_exit) ... ok
test_reaped_child_never_signals_numeric_group (test_supervisor.SupervisorTests.test_reaped_child_never_signals_numeric_group) ... ok
test_restart_limit_preserves_live_server (test_supervisor.SupervisorTests.test_restart_limit_preserves_live_server) ... ok
test_stage_exit_status (test_supervisor.SupervisorTests.test_stage_exit_status) ... ok
test_stage_timeout (test_supervisor.SupervisorTests.test_stage_timeout) ... ok

----------------------------------------------------------------------
Ran 211 tests in 2.378s

OK
