Loader diagnostic: test_storage_write_settlement (268435456, 268435456) VmSize:	   38124 kB VmRSS:	   17524 kB
Loader diagnostic: test_disposable_storage_settlement_drill (268435456, 268435456) VmSize:	   45612 kB VmRSS:	   27124 kB
Loader diagnostic: test_storage_native_authority (268435456, 268435456) VmSize:	   45612 kB VmRSS:	   27188 kB
test_actual_verifier_refuses_fixture_native_relabel_and_callback (test_storage_write_settlement.StorageWriteSettlementTests.test_actual_verifier_refuses_fixture_native_relabel_and_callback) ... ok
test_ambiguous_consumer_outcome_keeps_pending_terminal (test_storage_write_settlement.StorageWriteSettlementTests.test_ambiguous_consumer_outcome_keeps_pending_terminal) ... ok
test_cached_observation_mutation_during_reconcile_is_detected (test_storage_write_settlement.StorageWriteSettlementTests.test_cached_observation_mutation_during_reconcile_is_detected) ... ok
test_caller_receipt_is_detached_before_observer_invocation (test_storage_write_settlement.StorageWriteSettlementTests.test_caller_receipt_is_detached_before_observer_invocation) ... ok
test_chain_corruption_with_valid_record_checksum_refuses (test_storage_write_settlement.StorageWriteSettlementTests.test_chain_corruption_with_valid_record_checksum_refuses) ... ok
test_changed_data_after_receipt_refuses_revalidation (test_storage_write_settlement.StorageWriteSettlementTests.test_changed_data_after_receipt_refuses_revalidation) ... ok
test_checksum_corruption_refuses (test_storage_write_settlement.StorageWriteSettlementTests.test_checksum_corruption_refuses) ... ok
test_constructor_clones_input_and_authority_callback_input (test_storage_write_settlement.StorageWriteSettlementTests.test_constructor_clones_input_and_authority_callback_input) ... ok
test_consumer_effect_fsync_lost_ack_does_not_execute_or_auto_retry (test_storage_write_settlement.StorageWriteSettlementTests.test_consumer_effect_fsync_lost_ack_does_not_execute_or_auto_retry) ... ok
test_current_generation_epoch_daemon_namespace_mount_and_root_mismatches (test_storage_write_settlement.StorageWriteSettlementTests.test_current_generation_epoch_daemon_namespace_mount_and_root_mismatches) ... ok
test_default_authority_refuses_and_preserves_pending_disk_record (test_storage_write_settlement.StorageWriteSettlementTests.test_default_authority_refuses_and_preserves_pending_disk_record) ... ok
test_duplicate_json_keys_refuse (test_storage_write_settlement.StorageWriteSettlementTests.test_duplicate_json_keys_refuse) ... ok
test_duplicate_sequence_with_valid_record_checksum_refuses (test_storage_write_settlement.StorageWriteSettlementTests.test_duplicate_sequence_with_valid_record_checksum_refuses) ... ok
test_every_enabled_effect_must_be_covered_and_have_no_active_work (test_storage_write_settlement.StorageWriteSettlementTests.test_every_enabled_effect_must_be_covered_and_have_no_active_work) ... ok
test_extra_or_missing_writer_cid_refuses (test_storage_write_settlement.StorageWriteSettlementTests.test_extra_or_missing_writer_cid_refuses) ... ok
test_fence_lost_ack_retains_pending_and_reobserves_after_retry (test_storage_write_settlement.StorageWriteSettlementTests.test_fence_lost_ack_retains_pending_and_reobserves_after_retry) ... ok
test_foreign_current_inventory_is_refused (test_storage_write_settlement.StorageWriteSettlementTests.test_foreign_current_inventory_is_refused) ... ok
test_forged_first_settled_record_cannot_skip_pending_and_observation_chain (test_storage_write_settlement.StorageWriteSettlementTests.test_forged_first_settled_record_cannot_skip_pending_and_observation_chain) ... ok
test_global_and_neighbor_writer_scopes_refuse_at_enrollment (test_storage_write_settlement.StorageWriteSettlementTests.test_global_and_neighbor_writer_scopes_refuse_at_enrollment) ... ok
test_hardlinked_journal_and_lock_refuse (test_storage_write_settlement.StorageWriteSettlementTests.test_hardlinked_journal_and_lock_refuse) ... ok
test_inventory_digest_matches_catalog_numeric_property_order (test_storage_write_settlement.StorageWriteSettlementTests.test_inventory_digest_matches_catalog_numeric_property_order) ... ok
test_inventory_digest_preserves_nonascii_and_order (test_storage_write_settlement.StorageWriteSettlementTests.test_inventory_digest_preserves_nonascii_and_order) ... ok
test_inventory_digest_refuses_excessive_nested_material (test_storage_write_settlement.StorageWriteSettlementTests.test_inventory_digest_refuses_excessive_nested_material) ... ok
test_inventory_digest_refuses_fractional_numbers_outside_resource_codec (test_storage_write_settlement.StorageWriteSettlementTests.test_inventory_digest_refuses_fractional_numbers_outside_resource_codec) ... ok
test_inventory_digest_refuses_unpaired_surrogate_keys_and_values (test_storage_write_settlement.StorageWriteSettlementTests.test_inventory_digest_refuses_unpaired_surrogate_keys_and_values) ... ok
test_inventory_digest_rejects_non_json_and_unsafe_values (test_storage_write_settlement.StorageWriteSettlementTests.test_inventory_digest_rejects_non_json_and_unsafe_values) ... ok
test_journal_and_lock_created_with_private_regular_modes (test_storage_write_settlement.StorageWriteSettlementTests.test_journal_and_lock_created_with_private_regular_modes) ... ok
test_journal_wrong_context_refuses_before_new_effect (test_storage_write_settlement.StorageWriteSettlementTests.test_journal_wrong_context_refuses_before_new_effect) ... ok
test_launch_path_omission_and_restart_policy_refuse (test_storage_write_settlement.StorageWriteSettlementTests.test_launch_path_omission_and_restart_policy_refuse) ... ok
test_live_boolean_and_float_identity_substitution_refuses (test_storage_write_settlement.StorageWriteSettlementTests.test_live_boolean_and_float_identity_substitution_refuses) ... ok
test_live_journal_owner_refuses_second_effect_authority (test_storage_write_settlement.StorageWriteSettlementTests.test_live_journal_owner_refuses_second_effect_authority) ... ok
test_lost_consumer_effect_ack_is_not_repeated_after_restart (test_storage_write_settlement.StorageWriteSettlementTests.test_lost_consumer_effect_ack_is_not_repeated_after_restart) ... ok
test_malformed_json_refuses_without_authority_calls (test_storage_write_settlement.StorageWriteSettlementTests.test_malformed_json_refuses_without_authority_calls) ... ok
test_malformed_nested_unique_lists_raise_closed_refused (test_storage_write_settlement.StorageWriteSettlementTests.test_malformed_nested_unique_lists_raise_closed_refused) ... ok
test_manifest_reuse_foreign_operation_management_epoch_and_generation_refuses (test_storage_write_settlement.StorageWriteSettlementTests.test_manifest_reuse_foreign_operation_management_epoch_and_generation_refuses) ... ok
test_native_relabel_is_not_current_fixture_receipt (test_storage_write_settlement.StorageWriteSettlementTests.test_native_relabel_is_not_current_fixture_receipt) ... ok
test_observation_change_during_reconciliation_refuses_publication (test_storage_write_settlement.StorageWriteSettlementTests.test_observation_change_during_reconciliation_refuses_publication) ... ok
test_one_writer_settles_with_disk_receipt_and_all_enabled_effects (test_storage_write_settlement.StorageWriteSettlementTests.test_one_writer_settles_with_disk_receipt_and_all_enabled_effects) ... ok
test_ordered_catalog_inventory_survives_persisted_restart (test_storage_write_settlement.StorageWriteSettlementTests.test_ordered_catalog_inventory_survives_persisted_restart) ... ok
test_partial_same_version_material_remains_unresolved_on_disk (test_storage_write_settlement.StorageWriteSettlementTests.test_partial_same_version_material_remains_unresolved_on_disk) ... ok
test_prepared_transactions_and_writer_sessions_refuse (test_storage_write_settlement.StorageWriteSettlementTests.test_prepared_transactions_and_writer_sessions_refuse) ... ok
test_public_journal_directory_refuses (test_storage_write_settlement.StorageWriteSettlementTests.test_public_journal_directory_refuses) ... ok
test_public_journal_or_lock_file_refuses (test_storage_write_settlement.StorageWriteSettlementTests.test_public_journal_or_lock_file_refuses) ... ok
test_receipt_boolean_and_float_substitutions_refuse_before_effect (test_storage_write_settlement.StorageWriteSettlementTests.test_receipt_boolean_and_float_substitutions_refuse_before_effect) ... ok
test_receipt_exact_common_wire_fields_and_mutations_refuse (test_storage_write_settlement.StorageWriteSettlementTests.test_receipt_exact_common_wire_fields_and_mutations_refuse) ... ok
test_reconciliation_and_observer_changes_before_effect_refuse_execution (test_storage_write_settlement.StorageWriteSettlementTests.test_reconciliation_and_observer_changes_before_effect_refuse_execution) ... ok
test_recorded_consumer_effect_cannot_be_repeated (test_storage_write_settlement.StorageWriteSettlementTests.test_recorded_consumer_effect_cannot_be_repeated) ... ok
test_refresh_makes_old_receipt_stale (test_storage_write_settlement.StorageWriteSettlementTests.test_refresh_makes_old_receipt_stale) ... ok
test_remote_s3_provider_cannot_be_settled_by_fixture (test_storage_write_settlement.StorageWriteSettlementTests.test_remote_s3_provider_cannot_be_settled_by_fixture) ... ok
test_restart_reobserves_even_when_previous_writers_already_stopped (test_storage_write_settlement.StorageWriteSettlementTests.test_restart_reobserves_even_when_previous_writers_already_stopped) ... ok
test_stale_receipt_after_refresh_cannot_issue_consumer_effect (test_storage_write_settlement.StorageWriteSettlementTests.test_stale_receipt_after_refresh_cannot_issue_consumer_effect) ... ok
test_stop_lost_ack_retains_pending_and_reobserves_already_stopped (test_storage_write_settlement.StorageWriteSettlementTests.test_stop_lost_ack_retains_pending_and_reobserves_already_stopped) ... ok
test_stop_pending_fsync_lost_ack_has_no_issued_stop_and_reobserves (test_storage_write_settlement.StorageWriteSettlementTests.test_stop_pending_fsync_lost_ack_has_no_issued_stop_and_reobserves) ... ok
test_symlink_journal_and_lock_refuse_without_target_mutation (test_storage_write_settlement.StorageWriteSettlementTests.test_symlink_journal_and_lock_refuse_without_target_mutation) ... ok
test_symlink_root_refuses_even_with_private_target (test_storage_write_settlement.StorageWriteSettlementTests.test_symlink_root_refuses_even_with_private_target) ... ok
test_truncated_append_refuses_without_repairing_or_removing_it (test_storage_write_settlement.StorageWriteSettlementTests.test_truncated_append_refuses_without_repairing_or_removing_it) ... ok
test_two_exact_writer_cids_are_stopped_and_observed (test_storage_write_settlement.StorageWriteSettlementTests.test_two_exact_writer_cids_are_stopped_and_observed) ... ok
test_unknown_phase_detail_and_missing_fence_token_refuse_closed (test_storage_write_settlement.StorageWriteSettlementTests.test_unknown_phase_detail_and_missing_fence_token_refuse_closed) ... ok
test_unlisted_writer_and_changed_neighbor_inventory_refuse (test_storage_write_settlement.StorageWriteSettlementTests.test_unlisted_writer_and_changed_neighbor_inventory_refuse) ... ok
test_untyped_callback_is_not_authority (test_storage_write_settlement.StorageWriteSettlementTests.test_untyped_callback_is_not_authority) ... ok
test_writer_volume_and_owner_are_bound_to_current_exact_manifest (test_storage_write_settlement.StorageWriteSettlementTests.test_writer_volume_and_owner_are_bound_to_current_exact_manifest) ... ok
test_actual_fault_conditions_are_required_for_controller_fault_helpers (test_disposable_storage_settlement_drill.NativePreparationTests.test_actual_fault_conditions_are_required_for_controller_fault_helpers) ... ok
test_case_matrix_is_detached_and_rejects_ambiguous_input_types (test_disposable_storage_settlement_drill.NativePreparationTests.test_case_matrix_is_detached_and_rejects_ambiguous_input_types) ... ok
test_collision_free_plan_requires_actual_random_operation_input (test_disposable_storage_settlement_drill.NativePreparationTests.test_collision_free_plan_requires_actual_random_operation_input) ... ok
test_complete_structural_inventory_never_grants_actual_native_acceptance (test_disposable_storage_settlement_drill.NativePreparationTests.test_complete_structural_inventory_never_grants_actual_native_acceptance) ... ok
test_disabled_features_cannot_silently_drop_required_cases (test_disposable_storage_settlement_drill.NativePreparationTests.test_disabled_features_cannot_silently_drop_required_cases) ... ok
test_duplicate_success_cannot_replace_a_required_native_case (test_disposable_storage_settlement_drill.NativePreparationTests.test_duplicate_success_cannot_replace_a_required_native_case) ... ok
test_each_required_actual_case_is_individually_mandatory (test_disposable_storage_settlement_drill.NativePreparationTests.test_each_required_actual_case_is_individually_mandatory) ... ok
test_every_case_separately_reports_implementation_and_prerequisites (test_disposable_storage_settlement_drill.NativePreparationTests.test_every_case_separately_reports_implementation_and_prerequisites) ... ok
test_execute_refuses_before_subprocess_or_allocation (test_disposable_storage_settlement_drill.NativePreparationTests.test_execute_refuses_before_subprocess_or_allocation) ... ok
test_fixture_export_is_pure_and_plan_binds_its_exact_bytes (test_disposable_storage_settlement_drill.NativePreparationTests.test_fixture_export_is_pure_and_plan_binds_its_exact_bytes) ... ok
test_missing_cleanup_and_negative_observations_are_retained_as_failure (test_disposable_storage_settlement_drill.NativePreparationTests.test_missing_cleanup_and_negative_observations_are_retained_as_failure) ... ok
test_plan_has_no_runtime_effect_and_exact_owned_resources (test_disposable_storage_settlement_drill.NativePreparationTests.test_plan_has_no_runtime_effect_and_exact_owned_resources) ... ok
test_remote_queue_and_redis_keep_separate_bounded_authority_requirements (test_disposable_storage_settlement_drill.NativePreparationTests.test_remote_queue_and_redis_keep_separate_bounded_authority_requirements) ... ok
test_all_live_commands_refuse_before_subprocess (test_storage_native_authority.NativeObservationParsingTests.test_all_live_commands_refuse_before_subprocess) ... ok
test_clean_exit_parse_remains_unaccepted (test_storage_native_authority.NativeObservationParsingTests.test_clean_exit_parse_remains_unaccepted) ... ok
test_config_id_without_registry_association_refuses (test_storage_native_authority.NativeObservationParsingTests.test_config_id_without_registry_association_refuses) ... ok
test_daemon_changed_refuses (test_storage_native_authority.NativeObservationParsingTests.test_daemon_changed_refuses) ... ok
test_database_config_image_association_drift_refuses (test_storage_native_authority.NativeObservationParsingTests.test_database_config_image_association_drift_refuses) ... ok
test_database_enrolled_start_ticks_boolean_refuses (test_storage_native_authority.NativeObservationParsingTests.test_database_enrolled_start_ticks_boolean_refuses) ... ok
test_database_must_be_in_protected_inventory (test_storage_native_authority.NativeObservationParsingTests.test_database_must_be_in_protected_inventory) ... ok
test_database_namespace_drift_refuses (test_storage_native_authority.NativeObservationParsingTests.test_database_namespace_drift_refuses) ... ok
test_database_pid_type_substitution_refuses (test_storage_native_authority.NativeObservationParsingTests.test_database_pid_type_substitution_refuses) ... ok
test_database_process_start_drift_refuses (test_storage_native_authority.NativeObservationParsingTests.test_database_process_start_drift_refuses) ... ok
test_database_registry_pin_requires_its_own_config_association (test_storage_native_authority.NativeObservationParsingTests.test_database_registry_pin_requires_its_own_config_association) ... ok
test_database_restart_refuses_even_if_neighbor_fingerprint_reenrolled (test_storage_native_authority.NativeObservationParsingTests.test_database_restart_refuses_even_if_neighbor_fingerprint_reenrolled) ... ok
test_direct_sql_capture_running_writer_refuses_before_command (test_storage_native_authority.NativeObservationParsingTests.test_direct_sql_capture_running_writer_refuses_before_command) ... ok
test_duplicate_effective_env_refuses (test_storage_native_authority.NativeObservationParsingTests.test_duplicate_effective_env_refuses) ... ok
test_duplicate_json_fields_refuse (test_storage_native_authority.NativeObservationParsingTests.test_duplicate_json_fields_refuse) ... ok
test_exactly_enrolled_but_global_pid_reach_refuses (test_storage_native_authority.NativeObservationParsingTests.test_exactly_enrolled_but_global_pid_reach_refuses) ... ok
test_exactly_enrolled_but_multitenant_refuses (test_storage_native_authority.NativeObservationParsingTests.test_exactly_enrolled_but_multitenant_refuses) ... ok
test_exited_container_with_live_pid_refuses (test_storage_native_authority.NativeObservationParsingTests.test_exited_container_with_live_pid_refuses) ... ok
test_forced_exit_requires_reconciliation (test_storage_native_authority.NativeObservationParsingTests.test_forced_exit_requires_reconciliation) ... ok
test_image_config_identity_does_not_equal_registry_manifest_digest (test_storage_native_authority.NativeObservationParsingTests.test_image_config_identity_does_not_equal_registry_manifest_digest) ... ok
test_launch_race_between_inspections_refuses (test_storage_native_authority.NativeObservationParsingTests.test_launch_race_between_inspections_refuses) ... ok
test_malformed_process_stat_refuses (test_storage_native_authority.NativeObservationParsingTests.test_malformed_process_stat_refuses) ... ok
test_namespace_changed_refuses (test_storage_native_authority.NativeObservationParsingTests.test_namespace_changed_refuses) ... ok
test_neighbor_exact_observation_is_protected (test_storage_native_authority.NativeObservationParsingTests.test_neighbor_exact_observation_is_protected) ... ok
test_nonfinite_json_refuses (test_storage_native_authority.NativeObservationParsingTests.test_nonfinite_json_refuses) ... ok
test_operation_changed_refuses (test_storage_native_authority.NativeObservationParsingTests.test_operation_changed_refuses) ... ok
test_pid_namespace_changed_refuses (test_storage_native_authority.NativeObservationParsingTests.test_pid_namespace_changed_refuses) ... ok
test_pid_start_identity_changed_refuses (test_storage_native_authority.NativeObservationParsingTests.test_pid_start_identity_changed_refuses) ... ok
test_process_identity_decodes_parenthesized_names (test_storage_native_authority.NativeObservationParsingTests.test_process_identity_decodes_parenthesized_names) ... ok
test_registry_pin_without_config_association_refuses (test_storage_native_authority.NativeObservationParsingTests.test_registry_pin_without_config_association_refuses) ... ok
test_registry_suffix_with_wrong_digest_refuses (test_storage_native_authority.NativeObservationParsingTests.test_registry_suffix_with_wrong_digest_refuses) ... ok
test_restart_policy_change_refuses (test_storage_native_authority.NativeObservationParsingTests.test_restart_policy_change_refuses) ... ok
test_shared_or_fixture_enrollment_refuses (test_storage_native_authority.NativeObservationParsingTests.test_shared_or_fixture_enrollment_refuses) ... ok
test_type_substitution_for_generation_refuses (test_storage_native_authority.NativeObservationParsingTests.test_type_substitution_for_generation_refuses) ... ok
test_type_substitution_for_management_epoch_refuses (test_storage_native_authority.NativeObservationParsingTests.test_type_substitution_for_management_epoch_refuses) ... ok
test_unknown_envelope_field_refuses (test_storage_native_authority.NativeObservationParsingTests.test_unknown_envelope_field_refuses) ... ok
test_unlisted_container_refuses (test_storage_native_authority.NativeObservationParsingTests.test_unlisted_container_refuses) ... ok
test_valid_parse_explicitly_denies_native_admission (test_storage_native_authority.NativeObservationParsingTests.test_valid_parse_explicitly_denies_native_admission) ... ok
test_volume_mount_changed_refuses (test_storage_native_authority.NativeObservationParsingTests.test_volume_mount_changed_refuses) ... ok
test_byte_budget_refuses (test_storage_native_authority.PrivateOriginalFileParsingTests.test_byte_budget_refuses) ... ok
test_database_oid_type_substitution_refuses (test_storage_native_authority.PrivateOriginalFileParsingTests.test_database_oid_type_substitution_refuses) ... ok
test_direct_reconcile_cached_observer_mutation_is_detached_and_refused (test_storage_native_authority.PrivateOriginalFileParsingTests.test_direct_reconcile_cached_observer_mutation_is_detached_and_refused) ... ok
test_direct_reconcile_changed_stopped_observation_refuses_before_return (test_storage_native_authority.PrivateOriginalFileParsingTests.test_direct_reconcile_changed_stopped_observation_refuses_before_return) ... ok
test_direct_reconcile_foreign_epoch_owned_stop_refuses_before_reads (test_storage_native_authority.PrivateOriginalFileParsingTests.test_direct_reconcile_foreign_epoch_owned_stop_refuses_before_reads) ... ok
test_direct_reconcile_missing_observed_stop_refuses_before_reads (test_storage_native_authority.PrivateOriginalFileParsingTests.test_direct_reconcile_missing_observed_stop_refuses_before_reads) ... ok
test_direct_reconcile_running_writer_refuses_before_file_or_sql_read (test_storage_native_authority.PrivateOriginalFileParsingTests.test_direct_reconcile_running_writer_refuses_before_file_or_sql_read) ... ok
test_duplicate_original_row_refuses (test_storage_native_authority.PrivateOriginalFileParsingTests.test_duplicate_original_row_refuses) ... ok
test_enabled_effects_remain_individually_unresolved (test_storage_native_authority.PrivateOriginalFileParsingTests.test_enabled_effects_remain_individually_unresolved) ... ok
test_exact_native_nsmtime_bytes_and_metadata_are_read_without_rewrite (test_storage_native_authority.PrivateOriginalFileParsingTests.test_exact_native_nsmtime_bytes_and_metadata_are_read_without_rewrite) ... ok
test_hardlink_file_refuses (test_storage_native_authority.PrivateOriginalFileParsingTests.test_hardlink_file_refuses) ... ok
test_missing_reachable_version_is_unresolved (test_storage_native_authority.PrivateOriginalFileParsingTests.test_missing_reachable_version_is_unresolved) ... ok
test_original_database_session_or_prepared_writer_refuses (test_storage_native_authority.PrivateOriginalFileParsingTests.test_original_database_session_or_prepared_writer_refuses) ... ok
test_root_descriptor_identity_changed_refuses (test_storage_native_authority.PrivateOriginalFileParsingTests.test_root_descriptor_identity_changed_refuses) ... ok
test_same_version_same_length_change_has_different_byte_digest (test_storage_native_authority.PrivateOriginalFileParsingTests.test_same_version_same_length_change_has_different_byte_digest) ... ok
test_staging_or_orphan_file_is_unresolved (test_storage_native_authority.PrivateOriginalFileParsingTests.test_staging_or_orphan_file_is_unresolved) ... ok
test_symlink_file_refuses (test_storage_native_authority.PrivateOriginalFileParsingTests.test_symlink_file_refuses) ... ok
test_unsafe_original_object_name_refuses (test_storage_native_authority.PrivateOriginalFileParsingTests.test_unsafe_original_object_name_refuses) ... ok
test_xattr_observation_preserves_original_bytes (test_storage_native_authority.PrivateOriginalFileParsingTests.test_xattr_observation_preserves_original_bytes) ... ok
test_ack_before_intent_refuses (test_storage_native_authority.PrivateOwnerLedgerTests.test_ack_before_intent_refuses) ... ok
test_ack_is_not_observed_exit (test_storage_native_authority.PrivateOwnerLedgerTests.test_ack_is_not_observed_exit) ... ok
test_before_effect_intent_survives_reopen_without_replay (test_storage_native_authority.PrivateOwnerLedgerTests.test_before_effect_intent_survives_reopen_without_replay) ... ok
test_changed_management_epoch_cannot_ack_prior_intent (test_storage_native_authority.PrivateOwnerLedgerTests.test_changed_management_epoch_cannot_ack_prior_intent) ... ok
test_hardlink_ledger_refuses (test_storage_native_authority.PrivateOwnerLedgerTests.test_hardlink_ledger_refuses) ... ok
test_hash_corruption_refuses (test_storage_native_authority.PrivateOwnerLedgerTests.test_hash_corruption_refuses) ... ok
test_interrupted_append_refuses_without_repair (test_storage_native_authority.PrivateOwnerLedgerTests.test_interrupted_append_refuses_without_repair) ... ok
test_parallel_owner_refuses (test_storage_native_authority.PrivateOwnerLedgerTests.test_parallel_owner_refuses) ... ok
test_symlink_ledger_refuses (test_storage_native_authority.PrivateOwnerLedgerTests.test_symlink_ledger_refuses) ... ok
test_unowned_or_public_directory_refuses (test_storage_native_authority.PrivateOwnerLedgerTests.test_unowned_or_public_directory_refuses) ... ok

----------------------------------------------------------------------
Ran 142 tests in 0.226s

OK
