bun test v1.3.14 (0d9b296a)

tests/storage-settlement-contract.test.ts:
(pass) closed source settlement receipt > valid fixture is detached, readonly at runtime, and grants no native admission [1.31ms]
(pass) closed source settlement receipt > later input mutation cannot alter the validated receipt [0.13ms]
(pass) closed source settlement receipt > rejects invalid version value "1" [0.13ms]
(pass) closed source settlement receipt > rejects invalid version value 2 [0.05ms]
(pass) closed source settlement receipt > rejects invalid contract value "settled" [0.08ms]
(pass) closed source settlement receipt > rejects invalid evidence value "complete" [0.05ms]
(pass) closed source settlement receipt > rejects invalid operation value "12345678-1234-1234-1234-123456789ABC" [0.06ms]
(pass) closed source settlement receipt > rejects invalid operation value "not-a-uuid" [0.04ms]
(pass) closed source settlement receipt > rejects invalid operation value "12345678-1234-1234-1234-123456789abc\n" [0.05ms]
(pass) closed source settlement receipt > rejects invalid purpose value "delete" [0.04ms]
(pass) closed source settlement receipt > rejects invalid actor value "owner name" [0.03ms]
(pass) closed source settlement receipt > rejects invalid actor value "opérateur" [0.03ms]
(pass) closed source settlement receipt > rejects invalid actor value "" [0.03ms]
(pass) closed source settlement receipt > rejects invalid actor value "operator:owner\n" [0.03ms]
(pass) closed source settlement receipt > rejects invalid installation value "installation:one" [0.04ms]
(pass) closed source settlement receipt > rejects invalid daemon value "BBBBBBBBBBBBBBBBBBBBBBBBBBBBBBBBBBBBBBBBBBBBBBBBBBBBBBBBBBBBBBBB" [0.06ms]
(pass) closed source settlement receipt > rejects invalid daemon value "sha256:bbbbbbbbbbbbbbbbbbbbbbbbbbbbbbbbbbbbbbbbbbbbbbbbbbbbbbbbbbbbbbbb" [0.04ms]
(pass) closed source settlement receipt > rejects invalid daemon value "bbbbbbbbbbbbbbbbbbbbbbbbbbbbbbbbbbbbbbbbbbbbbbbbbbbbbbbbbbbbbbbb\n" [0.03ms]
(pass) closed source settlement receipt > rejects invalid namespace value "storage tenant" [0.03ms]
(pass) closed source settlement receipt > rejects invalid management_epoch value "3" [0.03ms]
(pass) closed source settlement receipt > rejects invalid management_epoch value true [0.03ms]
(pass) closed source settlement receipt > rejects invalid management_epoch value -1 [0.03ms]
(pass) closed source settlement receipt > rejects invalid management_epoch value 0 [0.03ms]
(pass) closed source settlement receipt > rejects invalid generation value 0 [0.04ms]
(pass) closed source settlement receipt > rejects invalid generation value 4.1 [0.03ms]
(pass) closed source settlement receipt > rejects invalid routing_revision value null [0.04ms]
(pass) closed source settlement receipt > rejects invalid sequence value null [0.04ms]
(pass) closed source settlement receipt > rejects invalid sequence value 9007199254740992 [0.04ms]
(pass) closed source settlement receipt > rejects invalid sequence value 0 [0.03ms]
(pass) closed source settlement receipt > rejects invalid manifest_sha256 value "CCCCCCCCCCCCCCCCCCCCCCCCCCCCCCCCCCCCCCCCCCCCCCCCCCCCCCCCCCCCCCCC" [0.03ms]
(pass) closed source settlement receipt > rejects invalid reconciliation_sha256 value "ddddddddddddddddddddddddddddddddddddddddddddddddddddddddddddddd" [0.04ms]
(pass) closed source settlement receipt > rejects invalid journal_sha256 value "zzzzzzzzzzzzzzzzzzzzzzzzzzzzzzzzzzzzzzzzzzzzzzzzzzzzzzzzzzzzzzzz" [0.04ms]
(pass) closed source settlement receipt > rejects invalid fence_token value "12345678-1234-1234-1234-123456789ABC" [0.04ms]
(pass) closed source settlement receipt > rejects invalid binding.environment [0.09ms]
(pass) closed source settlement receipt > rejects invalid binding.environment [0.04ms]
(pass) closed source settlement receipt > rejects invalid binding.runtime [0.03ms]
(pass) closed source settlement receipt > rejects invalid binding.runtime [0.05ms]
(pass) closed source settlement receipt > rejects invalid binding.runtime [0.04ms]
(pass) closed source settlement receipt > rejects invalid binding.epoch [0.03ms]
(pass) closed source settlement receipt > rejects invalid binding.coverage [0.03ms]
(pass) closed source settlement receipt > rejects invalid binding.coverage [0.05ms]
(pass) closed source settlement receipt > rejects invalid binding.placement [0.03ms]
(pass) closed source settlement receipt > rejects invalid binding.inventoryDigest [0.03ms]
(pass) closed source settlement receipt > rejects invalid binding.placementDigest [0.03ms]
(pass) closed source settlement receipt > rejects missing, unknown, inherited, symbol, hidden and accessor fields without invoking getters [0.48ms]
(pass) closed source settlement receipt > accepts all documented purposes and coverage values as source data only [0.22ms]
(pass) closed source settlement receipt > reference syntax matches the Python codec and has a maximum length of 255 [0.21ms]
(pass) expected identity and live source comparison > rejects forged or stale evidence scope [0.14ms]
(pass) expected identity and live source comparison > rejects forged or stale operation scope [0.09ms]
(pass) expected identity and live source comparison > rejects forged or stale purpose scope [0.08ms]
(pass) expected identity and live source comparison > rejects forged or stale actor scope [0.07ms]
(pass) expected identity and live source comparison > rejects forged or stale management_epoch scope [0.07ms]
(pass) expected identity and live source comparison > rejects forged or stale installation scope [0.08ms]
(pass) expected identity and live source comparison > rejects forged or stale daemon scope [0.08ms]
(pass) expected identity and live source comparison > rejects forged or stale namespace scope [0.08ms]
(pass) expected identity and live source comparison > rejects forged or stale generation scope [0.09ms]
(pass) expected identity and live source comparison > rejects forged or stale routing_revision scope [0.07ms]
(pass) expected identity and live source comparison > rejects forged or stale manifest_sha256 scope [0.09ms]
(pass) expected identity and live source comparison > rejects forged or stale fence_token scope [0.11ms]
(pass) expected identity and live source comparison > rejects forged binding.environment [0.11ms]
(pass) expected identity and live source comparison > rejects forged binding.runtime [0.08ms]
(pass) expected identity and live source comparison > rejects forged binding.epoch [0.07ms]
(pass) expected identity and live source comparison > rejects forged binding.coverage [0.07ms]
(pass) expected identity and live source comparison > rejects forged binding.placement [0.07ms]
(pass) expected identity and live source comparison > rejects forged binding.inventoryDigest [0.08ms]
(pass) expected identity and live source comparison > rejects forged binding.placementDigest [0.07ms]
(pass) expected identity and live source comparison > rejects journal_sha256 disagreement with the current journal entry [0.11ms]
(pass) expected identity and live source comparison > rejects reconciliation_sha256 disagreement with the current journal entry [0.08ms]
(pass) expected identity and live source comparison > rejects sequence disagreement with the current journal entry [0.06ms]
(pass) expected identity and live source comparison > rejects a restarted live fence even when the receipt and expected context still agree [0.09ms]
(pass) expected identity and live source comparison > checks source and live inventory independently of a mutually forged receipt and context digest [0.20ms]
(pass) expected identity and live source comparison > refuses invalid expected context and observations rather than coercing caller input [0.21ms]
(pass) expected identity and live source comparison > a source-matching native label still cannot install an authority or invoke a verifier callback [0.13ms]
(pass) ordered inventory digest > uses the exact lifecycle JSON array order, property order and UTF-8 bytes [0.14ms]
(pass) ordered inventory digest > rejects fractional, unsafe and negative-zero inventory numbers [0.13ms]
(pass) ordered inventory digest > accepts 1 through 100 resource objects and retains valid empty nested arrays [0.40ms]
(pass) ordered inventory digest > rejects unpaired surrogates in keys and values while preserving valid astral UTF-8 [0.15ms]
(pass) ordered inventory digest > rejects unsafe or lossy JSON rather than trusting toJSON or getters [0.15ms]

 78 pass
 0 fail
 225 expect() calls
Ran 78 tests across 1 file. [30.00ms]
