#0 building with "default" instance using docker driver

#1 [internal] load build definition from Dockerfile
#1 transferring dockerfile: 2.64kB done
#1 DONE 0.0s

#2 [internal] load metadata for docker.io/library/ubuntu:26.04@sha256:3595d7fc4286a33fad0fd853a4063e654287a9c3787437d7937c94ca3f7a804e
#2 DONE 0.0s

#3 [internal] load metadata for docker.io/oven/bun:1.3.14@sha256:e10577f0db68676a7024391c6e5cb4b879ebd17188ab750cf10024a6d700e5c4
#3 DONE 0.0s

#4 [stage-1 3/8] ADD --checksum=sha256:f7025ab9b24cd73215510931037b02d6960d89584d0d00afba81851abdbe6ef1 https://snapshot.ubuntu.com/ubuntu/20261002T000000Z/pool/main/c/ca-certificates/ca-certificates_20260223_all.deb /tmp/ca-certificates.deb
#4 DONE 0.0s

#5 [bun 1/1] FROM docker.io/oven/bun:1.3.14@sha256:e10577f0db68676a7024391c6e5cb4b879ebd17188ab750cf10024a6d700e5c4
#5 resolve docker.io/oven/bun:1.3.14@sha256:e10577f0db68676a7024391c6e5cb4b879ebd17188ab750cf10024a6d700e5c4 0.0s done
#5 DONE 0.0s

#6 [internal] load build context
#6 transferring context: 92B
#6 transferring context: 112.12kB 0.1s done
#6 DONE 0.1s

#7 [stage-1 1/8] FROM docker.io/library/ubuntu:26.04@sha256:3595d7fc4286a33fad0fd853a4063e654287a9c3787437d7937c94ca3f7a804e
#7 resolve docker.io/library/ubuntu:26.04@sha256:3595d7fc4286a33fad0fd853a4063e654287a9c3787437d7937c94ca3f7a804e 0.0s done
#7 DONE 0.0s

#8 [stage-1 4/8] RUN dpkg-deb --extract /tmp/ca-certificates.deb /tmp/ca-bootstrap  && mkdir -p /etc/ssl/certs  && cat /tmp/ca-bootstrap/usr/share/ca-certificates/mozilla/*.crt > /etc/ssl/certs/ca-certificates.crt  && printf 'APT::Snapshot "20261002T000000Z";\nAcquire::https::CaInfo "/etc/ssl/certs/ca-certificates.crt";\n' > /etc/apt/apt.conf.d/50snapshot  && apt-get update -q -o APT::Update::Error-Mode=any  && DEBIAN_FRONTEND=noninteractive apt-get install -y -q --no-install-recommends       python3 python3-cryptography git openssh-client systemd procps       ca-certificates util-linux tzdata  && rm -rf /var/lib/apt/lists/*  && rm -rf /tmp/ca-certificates.deb /tmp/ca-bootstrap  && mkdir -p /usr/local/share/sbarbase-source-verification  && printf 'public-source-verification-v1\n' > /usr/local/share/sbarbase-source-verification/public-tree  && chmod 0444 /usr/local/share/sbarbase-source-verification/public-tree  && useradd --create-home --uid 10001 sbarbase  && mkdir -p /opt/sbarbase /evidence  && chown sbarbase:sbarbase /opt/sbarbase /evidence
#8 CACHED

#9 [stage-1 6/8] COPY --chown=sbarbase:sbarbase package.json bun.lock ./
#9 CACHED

#10 [stage-1 5/8] WORKDIR /opt/sbarbase
#10 CACHED

#11 [stage-1 2/8] COPY --from=bun /usr/local/bin/bun /usr/local/bin/bun
#11 CACHED

#12 [stage-1 7/8] RUN bun install --frozen-lockfile
#12 CACHED

#13 [stage-1 3/8] ADD --checksum=sha256:f7025ab9b24cd73215510931037b02d6960d89584d0d00afba81851abdbe6ef1 https://snapshot.ubuntu.com/ubuntu/20261002T000000Z/pool/main/c/ca-certificates/ca-certificates_20260223_all.deb /tmp/ca-certificates.deb
#13 CACHED

#14 [stage-1 8/8] COPY --chown=sbarbase:sbarbase . .
#14 CACHED

#15 exporting to image
#15 exporting layers done
#15 exporting manifest sha256:fa745d91c17c635df7638987163a019d9724dae7193a643c77bfb6b5991580ed
#15 exporting manifest sha256:fa745d91c17c635df7638987163a019d9724dae7193a643c77bfb6b5991580ed 0.0s done
#15 exporting config sha256:c4c40dffed4dd26ee3be9347af0a64ee44a065ba71d6355613e968755f73301a 0.0s done
#15 exporting attestation manifest sha256:bbc6da62fc5ee14d16b081e9d34b9776b9d61c1f19dc23107d66652525dce552 0.0s done
#15 exporting manifest list sha256:0dac4bb10ac3a2594a14f4c16db29264ba9f325048db793d6ab4e064edc00927 done
#15 naming to docker.io/library/sbarbase-merged-check:8d7fd1dd24cdc5f4ecdf6018edc6b5c1 done
#15 unpacking to docker.io/library/sbarbase-merged-check:8d7fd1dd24cdc5f4ecdf6018edc6b5c1
#15 unpacking to docker.io/library/sbarbase-merged-check:8d7fd1dd24cdc5f4ecdf6018edc6b5c1 0.3s done
#15 DONE 0.3s
