bun test v1.3.14 (0d9b296a)
transforming...
✓ 4 modules transformed.
rendering chunks...

tests/application.test.ts:
(pass) management login surface excludes signup and admin APIs before forwarding [13.52ms]
(pass) connection discovery reflects trusted Storage availability after membership checks [8.59ms]

tests/audit.test.ts:
(pass) owners see their own organization, never another; viewers see none [52.33ms]
(pass) a project moved to another client shows there only from its arrival, without the other client's ids [2.76ms]

tests/bootstrap.test.ts:
(pass) bootstrap resumes after intent without duplicate owner or organization [269.54ms]
(pass) bootstrap resumes after identity-created without duplicate owner or organization [260.73ms]
(pass) bootstrap resumes after identity-recorded without duplicate owner or organization [232.40ms]
(pass) bootstrap resumes after catalog without duplicate owner or organization [269.75ms]
(pass) bootstrap retry cannot restore ownership after membership revocation [137.21ms]
(pass) existing Auth identity must verify credentials before creating catalog authority [11.55ms]
(pass) organization discovery is authenticated and reflects current memberships only [2.23ms]

tests/cached-json.test.ts:
(pass) a cached JSON file is reread after an in-place write or a replacing rename [0.53ms]

tests/catalog.test.ts:
(pass) cross-organization authority, last owner and read-only membership boundaries [2.55ms]
(pass) ownership transfer preserves project/environment identity and persists access change [324.41ms]

tests/concurrency.test.ts:
(pass) one saturated environment leaves room for a neighbor and rejects without forwarding [1.95ms]
(pass) response headers do not release the slot, consuming or cancelling body does [2.83ms]
(pass) global ceiling and thrown forward recover without leaked slots [0.83ms]
(pass) stalled response timeout and request abort cancel upstream body and release once [42.11ms]
(pass) already aborted work never forwards, hanging cancellation cannot hold a slot [0.52ms]
(pass) stream errors release capacity and response metadata survives wrapping [0.37ms]
(pass) separate managed factories share tenant capacity across keys and services [8.08ms]
(pass) slow upload consumes a slot and abort does not accidentally forward a cancelled body [1.10ms]
(pass) pre-header deadline frees capacity and cancels a late response from uncooperative transport [21.43ms]
(pass) pre-header client abort releases slot even if transport never settles [1.36ms]
(pass) service budget rejects atomically while preserving other services and neighbors [1.03ms]
(pass) service cap persists across managed factories and API keys [3.10ms]
(pass) service budget releases after pre-header and response deadlines [20.70ms]
(pass) disconnected dispatched REST retains capacity until upstream response drains [0.89ms]
(pass) abandoned REST response drain has a deadline and releases once [26.48ms]
(pass) abandoned REST drain errors release capacity without downstream errors [0.47ms]
(pass) a busy environment borrows idle room above its share, up to its ceiling [0.31ms]
(pass) borrowing stops at the headroom, so a quiet neighbour always finds room at once [0.24ms]
(pass) without a borrow policy the share is still the ceiling [0.07ms]
(pass) pressure reports refusals and the peak in flight, then starts a new sample [0.21ms]
(pass) an invalid borrow policy is refused [0.05ms]
(pass) the unused share of every recently active neighbour is kept free, not only the headroom [0.75ms]
(pass) a neighbour turned away while another borrows is charged to the borrower [0.26ms]

tests/console-state.test.ts:
(pass) the console names each of the four mail states, and an absent entry is unconfigured [0.12ms]
(pass) the email section renders the recorded facts and never a credential row [0.11ms]
(pass) the console reads both new surfaces through the existing request helper [0.05ms]

tests/database.test.ts:
(pass) only a developer login for its own database is let through [0.38ms]
(pass) the listener declines TLS, forwards an allowed startup byte for byte and refuses the rest before PostgreSQL [44.52ms]
(pass) the listener is on loopback port 6543 unless set, and can be turned off [0.21ms]
(pass) owners and admins turn access on and get the password once; a reset needs access on [3.51ms]

tests/deferred-revocation.test.ts:
(pass) function secrets stay intact when an admin is removed while reading the body [4.04ms]
(pass) a function is not published when an admin is removed while reading the body [2.52ms]
(pass) sign-in settings stay intact when an admin is removed while reading the body [3.32ms]
(pass) no database password is written when an admin is removed while reading the body [2.13ms]
(pass) function secrets stay intact when an admin is demoted while reading the body [2.31ms]
(pass) a function is not published when an admin is demoted while reading the body [2.07ms]
(pass) sign-in settings stay intact when an admin is demoted while reading the body [2.27ms]
(pass) no database password is written when an admin is demoted while reading the body [2.08ms]

tests/drain.test.ts:
(pass) pause rejects new work and waits through response consumption without blocking a neighbor [6.25ms]
(pass) only the active pause lease can resume and early resume does not certify draining [0.19ms]
(pass) failed upstream settles drain waiters but timeout leaves admission paused [5.92ms]
(pass) idle pause drains immediately and rejects invalid deadlines [0.17ms]
(pass) managed factories share pause and resolve new placement only after an explicit drained switch [8.66ms]

tests/durable-fixture.test.ts:
(pass) durable fixture selection > two served runtimes resolve to their environments in order [0.16ms]
(pass) durable fixture selection > an excluded runtime is refused before any observation [0.09ms]
(pass) durable fixture selection > unpublished, paused or fenced runtimes are refused clearly [0.07ms]
(pass) durable fixture selection > an unknown, duplicated or unprovisioned runtime is refused [0.11ms]
(pass) durable fixture selection > runtimes in different organizations or a foreign project are refused [0.04ms]
(pass) durable fixture file > a different earlier fixture is archived byte for byte, then replaced [2.98ms]
(pass) durable fixture file > rewriting the same fixture archives nothing, and an archive is never overwritten [40.58ms]
(pass) durable fixture file > a first fixture needs no archive [1.72ms]

tests/functions.test.ts:
(pass) a deploy needs an entry point and safe relative paths [0.51ms]
(pass) a deploy writes a new version with the shared files beside it and switches the manifest [1.33ms]
(pass) secrets are private, never named SUPABASE_, and removed with null [0.50ms]
(pass) owners and admins deploy; the first deploy turns Edge Functions on; values of secrets never come back [4.36ms]
(pass) the gateway runs functions with or without a key, and never reaches the runtime's own routes [1.71ms]

tests/gateway.test.ts:
(pass) missing key [0.21ms]
(pass) cross environment [0.05ms]
(pass) disabled environment [0.02ms]
(pass) unknown environment [0.02ms]
(pass) encoded slash [0.02ms]
(pass) forward selected route and strip client-injected internal headers [0.32ms]
(pass) anonymous JWT used when no bearer supplied [0.20ms]
(pass) oversize stream rejected before upstream [1.46ms]
(pass) SDK API-key bearer becomes anonymous upstream token [0.20ms]
(pass) removed key stops subsequent requests [0.50ms]
(pass) upstream failure is sanitized [0.51ms]
(pass) key store failure cannot fall back to static key acceptance [0.28ms]
(pass) Storage tenant header comes only from trusted configuration and preserves upload headers [0.56ms]
(pass) unconfigured Storage is unavailable and broken request streams never reach upstream [0.55ms]
(pass) slow body deadline rejects even when cancellation resolves the pending read [20.97ms]
(pass) only public and signed Storage reads may omit API keys [1.01ms]
(pass) a browser on any origin can call the API, and the key still decides what it may do [0.29ms]
(pass) upstream answers carry the gateway browser headers, not the upstream ones [0.37ms]
(pass) a browser following an email link or an OAuth redirect reaches Auth without a key, and only there [0.83ms]
(pass) a Storage upload streams through up to the upload limit; other bodies stay small [5.43ms]
(pass) the upload limit comes from SBARBASE_UPLOAD_LIMIT_MB [0.26ms]

tests/hierarchy.test.ts:
(pass) an organization owner reads only the notifications of their own organizations [132.61ms]
(pass) moving a project cancels its queued job visibly and later events name the new organization [3.08ms]
(pass) a viewer can neither list nor revoke keys, and another organization cannot revoke them [2.55ms]
(pass) names are unique where the hierarchy scopes them, and a clash answers 409 [2.87ms]
(pass) the catalog migrates an older file in place and refuses one written by a newer release [306.77ms]
(pass) the API refuses an environment past the installation limit before queueing it [2.96ms]
(pass) the API limit and the runtime guard name the same number [0.27ms]
(pass) installation operators create organizations; owners list members; failed environments retry [4.19ms]

tests/hold-bypass.test.ts:
(pass) only the supervisor's own probe of REST or Auth passes, only while the hold is on [1.09ms]
(pass) the hold stops every other application request and lets the probe through [0.65ms]
(pass) the probe goes through key resolution and the proxy as an application does [2.11ms]
(pass) /health fails when the key store cannot be read [0.69ms]

tests/hold.test.ts:
(pass) the marker holds only while an upgrade waits for confirmation, and its removal applies within the cache [1.05ms]
(pass) a stale marker never wedges an installation: a finished or unreadable state fails open [0.61ms]
(pass) held application requests get 503 with Retry-After and CORS; management reads and sign-in pass [0.58ms]
(pass) while held, management changes answer 409 so none is lost on the way back; reads, sign-in and the update routes pass [0.71ms]
(pass) /health answers once the catalog reads, and says whether traffic is held [0.23ms]

tests/invitation-accounts.test.ts:
(pass) invitation accounts against the realm Auth service > an account is created at /admin/users on the Auth service itself [0.82ms]
(pass) invitation accounts against the realm Auth service > a session token is read at /user on the Auth service itself [0.33ms]
(pass) invitation accounts against the realm Auth service > a taken email is reported as existing, not as a failure [0.66ms]

tests/invitations.test.ts:
(pass) an owner invites, the invitee sets a password and joins, and the link works once [4.93ms]
(pass) nobody grants a role above their own; viewers and strangers cannot invite [3.21ms]
(pass) unknown, cancelled and expired tokens get the same answer; a short password consumes nothing [4.43ms]
(pass) an existing account signs in first; only the invited email can redeem with a session [3.95ms]
(pass) repeated bad tokens are rate limited for the minute [62.39ms]
(pass) a removed or demoted inviter cannot come back through a link they made (review finding 1) [5.80ms]
(pass) a new owner by invitation raises the critical owner notice (finding 2) [3.22ms]
(pass) junk never blocks a valid invitation, and a large body is refused unread (findings 3 and 4) [5.87ms]
(pass) the realm refusing a password is not mistaken for an existing account (finding 6) [2.24ms]
(pass) a preview shows what the link offers without joining (finding 7) [2.76ms]
(pass) only owners invite into the bootstrap organization (finding 7) [1.73ms]

tests/key-http.test.ts:
(pass) only ready environments can issue keys; actor scope, one-time disclosure and revocation bind gateway [4.85ms]

tests/keys.test.ts:
(pass) key persists without raw material, isolated revocation survives reopen [15.45ms]

tests/lifecycle.test.ts:
(pass) deleting an organization that still has projects is refused, and an empty one is deleted [3.45ms]
(pass) a deleted environment's key returns 401 and the key is revoked [4.05ms]
(pass) an environment is not deleted while provisioning or a service it runs is still on [3.43ms]
(pass) a worker that restarts with the receipt of a deleted environment settles it and nothing else [2.18ms]
(pass) a preflight receipt of a deleted environment gets its recorded decision back, and only that receipt [2.53ms]
(pass) the organization still sees who deleted an environment [2.52ms]
(pass) renames keep names unique where the hierarchy scopes them [4.51ms]
(pass) moving a project revokes its keys and keeps provision_jobs.organization consistent [4.60ms]
(pass) move and environment delete refuse without the key store instead of skipping revocation [2.29ms]

tests/local-server.test.ts:
(pass) console port > an unset port stays ephemeral, as the lab expects [0.05ms]
(pass) console port > a server pins a valid unprivileged port [0.03ms]
(pass) console port > anything else refuses instead of binding somewhere unexpected [0.07ms]
(pass) console port > the listener binds the pinned port on loopback [64.75ms]
(pass) request bodies over the real listener > a POST without a body reaches the handler without one [4.22ms]
(pass) a refused upload answers with its own status and does not hold up the next request [15.79ms]
(pass) connections after an early answer > plain: a slow request reusing the connection of a refused one is answered, not cut off [1520.59ms]
(pass) connections after an early answer > plain: a large unread body closes the connection right after the answer, with the answer intact [12.78ms]
(pass) connections after an early answer > behind the WebSocket front: a slow request reusing the connection of a refused one is answered, not cut off [1523.98ms]
(pass) connections after an early answer > behind the WebSocket front: a large unread body closes the connection right after the answer, with the answer intact [16.25ms]
(pass) connections after an early answer > sustained arrivals at a full REST budget get 200 or 429, never a dropped connection [6205.73ms]

tests/mail-notifications.test.ts:
(pass) the console mail route answers from the runtime record, never from the catalog table [2.24ms]
(pass) an environment with no mail entry is unconfigured and an unknown environment matches the neighbour [1.58ms]
(pass) the mail route follows the neighbouring routes on method, membership and authentication [1.49ms]
(pass) the notifications route reports the undelivered count from the catalog read the drain uses [2.39ms]
(pass) the notifications route is owner and admin only, and follows the neighbour error shape [1.45ms]
(pass) the catalog no longer creates the environment_mail table [89.71ms]

tests/management-mfa.test.ts:
(pass) native password session cannot call any protected management API before proxy MFA verification [3.57ms]
(pass) password claims require native validation, native password AMR, bounded session age and session id [1.71ms]
(pass) existing MFA blocks password-only enrollment, factor substitution and removal of the last verified factor [2.21ms]
(pass) native factor removal revokes every session, and stale aal2 tokens with a removed factor fail closed [1.86ms]
(pass) verification attempts share durable actor rate budgets across sessions and controller restarts [221.55ms]
(pass) failed MFA native transport and closed rate store cannot grant management access [2.14ms]
(pass) durable mutation lease serializes removals and survives reopening until its bounded expiry [91.37ms]
(pass) password rate budget is shared by email, ignores untrusted client addresses and denies extra native grants [3.12ms]
(pass) MFA grants cannot survive a concurrent recovery epoch and owner-only audit omits secrets [1.66ms]
(pass) every native logout scope invalidates all management sessions before and after success or failure [15.29ms]
(pass) unexpected logout and unenroll bodies are refused before native calls or grant revocation [2.16ms]
(pass) recovery terminal audit needs its one-use pending receipt and survives initiator demotion [100.56ms]
(pass) a streamed management body cannot mutate after local grant revocation and scope stays isolated [3.05ms]
(pass) a streamed management body rechecks current membership before project mutation [3.92ms]

tests/management.test.ts:
(pass) management identity uses fixed Auth endpoint, ignores identity headers and rejects anonymous users [2.56ms]
(pass) HTTP boundary derives actor from authentication, rejects body spoofing, and applies current memberships [2.09ms]

tests/members.test.ts:
(pass) an owner changes a role and removes a member; the removed member loses access at once [2.30ms]
(pass) admins and viewers cannot change members, and nobody raises themselves [1.38ms]
(pass) the last owner stays, an unknown member is not added here, and bad input is refused [1.36ms]

tests/native-placement.test.ts:
(pass) legacy absence and URL-only placement retain routing without native identity adoption [112.93ms]
(pass) CAS stages declared identity only in maintenance and refuses activation or identity downgrade [109.33ms]
(pass) native identity validates distinct maintenance and bound image, container and OIDs [0.25ms]
(pass) actual gateway and service discovery refuse unadmitted or malformed persisted placement before endpoint resolution [377.32ms]
(pass) public gateway authorizes keys before disclosing native placement and preserves supported keyless routes [107.49ms]

tests/observe-revocation.test.ts:
(pass) logs rechecks membership after its reader resolves for a removed actor [2.63ms]
(pass) logs rechecks membership after its reader resolves for a viewer actor [1.27ms]
(pass) metrics rechecks membership after its reader resolves for a removed actor [1.35ms]
(pass) metrics rechecks membership after its reader resolves for a viewer actor [1.56ms]

tests/observe.test.ts:
(pass) the request log keeps the newest requests and per-minute totals for an hour [0.87ms]
(pass) the gateway counts answers for known environments only, without the query string [0.21ms]
(pass) secrets never leave the server in a log line [0.17ms]
(pass) shared Storage lines are kept only when they name this environment [0.18ms]
(pass) docker stats lines become memory and processor use per service [0.16ms]
(pass) members read metrics; only owners and admins read logs [1.96ms]

tests/operator-revocation.test.ts:
(pass) organization creation refuses an operator demoted while reading its body [2.15ms]
(pass) organization creation refuses an operator removed while reading its body [1.52ms]
(pass) organization creation still accepts an operator after a delayed valid body [1.41ms]
(pass) organization creation refuses an already demoted operator before reading its body [1.43ms]
(pass) update settings refuses an operator demoted while reading its body [5.04ms]
(pass) update settings refuses an operator removed while reading its body [2.22ms]
(pass) update settings still accepts an operator after a delayed valid body [2.11ms]
(pass) update settings refuses an already demoted operator before reading its body [1.30ms]
(pass) update apply refuses an operator demoted while reading its body [2.51ms]
(pass) update apply refuses an operator removed while reading its body [2.19ms]
(pass) update apply still accepts an operator after a delayed valid body [2.22ms]
(pass) update apply refuses an already demoted operator before reading its body [1.36ms]

tests/placement.test.ts:
(pass) maintenance and staged placement survive reopen, stale writers cannot unpause [113.52ms]
(pass) gateway fails closed during durable maintenance and uses staged target after resume [2.40ms]
(pass) invalid transitions and credential-bearing placement never mutate routing [1.50ms]

tests/pressure.test.ts:
(pass) a run of saturated minutes reports once, a calm minute resets the run [0.74ms]
(pass) borrowing an idle server, however long, never notifies [0.23ms]
(pass) a quiet environment within its share is never reported [0.08ms]
(pass) a failing report never escapes the monitor [0.15ms]
(pass) the catalog writes one saturation notice per window, on every channel [1.59ms]
(pass) an older catalog keeps its deliveries and gains the Telegram channel [120.51ms]

tests/provision.test.ts:
(pass) creation queues once, retries keep runtime identity, stale completion cannot win [4.17ms]
(pass) pending jobs cannot execute after actor revocation or organization transfer [3.16ms]
(pass) provision status is scoped and hides internal claim and runtime details [2.38ms]
(pass) safe failure code persists, stale claims cannot change it, retry clears it [1.84ms]

tests/realtime.test.ts:
(pass) only an environment Realtime socket path is taken as one [0.09ms]
(pass) a socket reaches only its own Realtime, with the anon token in place of the publishable key [0.35ms]
(pass) a socket is refused without a live key, for a paused environment, or while Realtime is off [0.10ms]
(pass) the broadcast API goes to the environment Realtime with its tenant and token; the rest of its API does not [0.51ms]
(pass) the listener pipes an accepted socket to Realtime and keeps answering plain requests [9.16ms]
(pass) owners and admins turn Realtime on and off; one change at a time [2.45ms]

tests/relink.test.ts:
(pass) a restore on a second, fresh installation re-links the environment to its project [7.21ms]
(pass) re-linking never attaches to an organization or project by name, and refusals change nothing [3.33ms]
(pass) only installation operators re-link, into organizations they own, and bad input is refused [3.56ms]
(pass) a runtime deleted here is never re-linked [1.77ms]

tests/sbarbase-cli.test.ts:
(pass) parsing: commands, flags, aliases and refusals [1.02ms]
(pass) help and usage errors exit with their own codes, and the help has no long dash [110.94ms]
(pass) status --json reports service, console, environments with routing, health and last backup, and notifications [105.62ms]
(pass) status reads routing: a moved environment is checked at its placement, maintenance is not a failure [103.97ms]
(pass) status is unhealthy without a console, and the text form names what it read [288.89ms]
(pass) status degrades when the catalog cannot be read and says how to run it [1.20ms]
(pass) environments lists every environment from the catalog, read only [113.40ms]
(pass) backups: the last complete backup ignores an interrupted one [120.12ms]
(pass) backup now and backups list delegate to lab/backup.py, passing its exit code through [114.34ms]
(pass) restore confirms at a terminal, refuses without one, and delegates with --yes [109.72ms]
(pass) upgrade delegates to lab/upgrade.py and defaults to check [110.58ms]
(pass) upgrade reaches the release channel: channel, start --release and rollback --check [107.98ms]
(pass) upgrade refuses a release that is not a plain tag and flags that do not fit [157.43ms]
(pass) logs: journalctl for the supervisor, docker logs for a service, a hint inside the container [218.27ms]
(pass) add-environment signs in and posts exactly what the console posts, then signs out [116.43ms]
(pass) add-environment reports the API refusals in plain words and signs out anyway [108.06ms]
(pass) sign-in refusals: no terminal, a wrong password, a loose operator file, no console [218.89ms]
(pass) rotate-key issues, shows the new key once on stdout, then revokes the one old key [109.87ms]
(pass) rotate-key refuses to guess between several active keys, and names a failed revoke [121.43ms]
(pass) studio start and stop go through the management API, never straight to lab/studio.py [229.71ms]
(pass) share reads and sets the gateway share through the management route, and names its refusals [117.70ms]
(pass) share: a member who is not an installation operator is told so in plain words [124.24ms]
(pass) backup now keeps as many backups as the daily run, reading the unit when the shell has no setting [230.97ms]
(pass) relink sends the ownership a backup records, then points at restore [461.81ms]
(pass) relink refuses a missing backup, one without ownership and bad arguments before signing in [217.20ms]
(pass) existing authenticator is challenged through original SDK and only its verified token reaches management [192.20ms]
(pass) first enrollment shows native setup only in private display hook and clears it before completing [208.50ms]
(pass) first enrollment cleans its private display and pending native factor on code or display failure [291.56ms]
(pass) bad code, native rate limit, outage and an aal1 verification response all refuse before protected work [225.69ms]
(pass) headless password input refuses before login and codes in environment or stdin cannot replace hidden prompt [151.60ms]
(pass) multiple factor names are sanitized and the selected native factor alone is challenged [122.11ms]
(pass) cancelled hidden prompt signs out without echoing private error details [106.56ms]
(pass) command cancellation during password, factor listing, verification or code input prevents protected work [113.99ms]
(pass) cancellation after a protected read prevents every following request and mutation [213.53ms]
(pass) cancellation while decoding a successful mutation suppresses completion output [105.65ms]

tests/server-health.test.ts:
(pass) memory counters preserve zero swap and compute used from available [0.56ms]
(pass) missing, duplicate, inconsistent and oversized memory counters stay unavailable [0.07ms]
(pass) filesystem bytes distinguish available from reserved free space [0.17ms]
(pass) reader is lazy, caches five seconds and refreshes when the clock moves backwards [0.10ms]
(pass) server overview requires an installation operator and only permits GET [2.58ms]

tests/settings-validation.test.ts:
(pass) settings input validation > gateway share requires an integer within the supplied ceiling [0.15ms]
(pass) settings input validation > function secret names use the backend reserved prefixes and limits [0.17ms]
(pass) settings input validation > site addresses require HTTP or HTTPS without embedded credentials [0.22ms]
(pass) settings input validation > redirects retain custom schemes and wildcards while enforcing format and count [0.12ms]
(pass) settings input validation > enabled providers require credentials while a saved secret may remain empty [0.22ms]
(pass) settings input validation > provider length and whitespace rules also apply when disabled [0.11ms]

tests/share.test.ts:
(pass) a client reads its share but not the installation, and cannot change it [4.12ms]
(pass) the operator sees the allocation, and a raise that would overcommit the gateway is refused [2.66ms]
(pass) the gate guarantees a raised share and lends above it [0.66ms]

tests/sign-in.test.ts:
(pass) settings are checked field by field, and an empty secret keeps the saved one [1.26ms]
(pass) owners and admins save sign-in settings; the secret goes to a private file and never comes back [4.02ms]

tests/signing.test.ts:
(pass) owners and admins rotate the signing key once at a time; viewers cannot; the secret is never answered [4.31ms]
(pass) the control handler routes the signing key [2.43ms]

tests/studio-destination.test.ts:
(pass) Studio browser routing retains its configured origin for /project/default [1.64ms]
(pass) Studio browser routing retains its configured origin for //alternate.invalid/dummy [0.12ms]
(pass) Studio browser routing retains its configured origin for /.//alternate.invalid/dummy [0.07ms]
(pass) Studio browser routing retains its configured origin for /%2f%2falternate.invalid/dummy [0.05ms]
(pass) Studio auth routing retains its configured origin for a double slash path [0.65ms]
(pass) Studio rest routing retains its configured origin for a double slash path [0.06ms]
(pass) Studio storage routing retains its configured origin for a double slash path [0.04ms]

tests/studio-epoch.test.ts:
(pass) Studio refuses legacy credentials without an epoch even when membership is unchanged [0.84ms]
(pass) Studio rejects malformed signed epoch values [0.09ms]
(pass) management revocation prevents an outstanding ticket from entering Studio [0.10ms]
(pass) entering preserves the ticket epoch and a new issuance works after revocation [0.31ms]
(pass) revocation during a pending Studio mutation prevents its upstream effect [0.51ms]
(pass) revocation during a vendor response wait withholds that response [0.20ms]
(pass) revocation during a pending stream read withholds newly arriving bytes [0.32ms]
(pass) revocation withholds unread workspace navigation [0.28ms]
(pass) revocation during switch body reading prevents selection [0.18ms]
(pass) switch tickets preserve the source epoch and are refused after management revocation [0.60ms]
(pass) Studio issuance and proxy observe revocation through separate connections to the shared catalog [155.10ms]
(pass) an unavailable epoch store refuses access before vendor dispatch [0.37ms]

tests/studio-navigation.test.ts:
(pass) Studio navigation uses live ownership, filters viewers and lists only the selected scope [3.46ms]
(pass) workspace entry, assets and metadata never reach vendor APIs or contain user HTML [2.87ms]
(pass) switch creates a fresh target-only ticket without launching or changing Studio [2.53ms]
(pass) switch rejects sibling-origin CSRF, malformed input, excessive bodies and stopped targets [3.72ms]
(pass) switch rechecks both target membership and source membership after asynchronous body reads [2.37ms]
(pass) a stopped upstream cannot be selected even with a stale running catalog row [2.14ms]
(pass) signed console origin survives entry and switching without trusting arbitrary return addresses [4.25ms]
(pass) workspace permits same-origin vendor frames while preserving other CSP restrictions [3.00ms]

tests/studio-revocation.test.ts:
(pass) Studio POST withholds a delayed body when its admin becomes removed [3.13ms]
(pass) Studio PATCH withholds a delayed body when its admin becomes removed [1.77ms]
(pass) Studio DELETE withholds a delayed body when its admin becomes removed [1.95ms]
(pass) Studio POST withholds a delayed body when its admin becomes viewer [1.67ms]
(pass) Studio PATCH withholds a delayed body when its admin becomes viewer [1.79ms]
(pass) Studio DELETE withholds a delayed body when its admin becomes viewer [1.85ms]
(pass) Studio withholds a deferred response when its admin becomes removed [2.50ms]
(pass) Studio withholds a deferred response when its admin becomes viewer [1.69ms]
(pass) Studio cancels withheld streaming bytes after revocation [2.26ms]
(pass) Studio refuses an oversized body before sending any upstream bytes [1.78ms]
(pass) Studio body deadline refuses a stalled client and cancels its reader [22.53ms]
(pass) Studio abort during body acquisition never dispatches upstream [2.37ms]
(pass) Studio body read failure never dispatches upstream [1.72ms]
(pass) Studio forwards the exact bounded body and preserves vendor headers [37.95ms]
(pass) Studio preserves a bodyless vendor response [2.09ms]
(pass) Studio rechecks session expiry after awaiting its body [82.32ms]
(pass) Studio rechecks session expiry after awaiting its response [83.20ms]
(pass) Studio refusal does not wait for a stalled cancellation promise [2.68ms]
(pass) Studio downstream cancellation cancels the vendor without waiting indefinitely [2.02ms]
(pass) Studio abort while waiting for response bytes cancels the vendor [2.19ms]
(pass) Studio HEAD discards a vendor body and preserves response status [1.87ms]
(pass) Studio preserves a not-modified vendor response [1.97ms]
(pass) Studio maps a failed vendor connection to a bounded proxy error [1.85ms]
(pass) Studio switching cannot renew a session that expires during the body read [82.82ms]
(pass) Studio switching times out a stalled body and cancels it [24.31ms]
(pass) Studio switching rejects excess bytes without waiting for cancellation [2.28ms]
(pass) Studio byte accounting ignores empty chunks and preserves fragmented input [2.17ms]
(pass) Studio checks its monotonic deadline even before the timer callback runs [1.87ms]
(pass) Studio withholds unread workspace metadata after source access is revoked [1.99ms]
(pass) Studio withholds an unread switch ticket after source access is revoked [2.29ms]
(pass) Studio withholds selected organization metadata after that membership is revoked [2.41ms]
(pass) Studio withholds a revoked organization from an unread navigation inventory [2.13ms]

tests/studio.test.ts:
(pass) each environment is its own Studio origin [0.51ms]
(pass) tickets and sessions are signed, bound to one environment and one kind, and expire [0.19ms]
(pass) the console starts, stops and opens Studio only for owners and admins of a ready environment [3.83ms]
(pass) the Studio origin admits a ticket once, then only its session cookie, and never another environment [0.65ms]
(pass) Studio server-side calls reach only their own environment, with its own service key [0.56ms]

tests/transfer-key-failure.test.ts:
(pass) a failed project move rolls ownership and catalog effects back before any revocation [7.58ms]
(pass) a failed project move rolls ownership and catalog effects back after one ready runtime was revoked [5.78ms]
(pass) a project move rejects unauthorized before touching keys [4.56ms]
(pass) a project move rejects name clash before touching keys [3.24ms]
(pass) a project move rejects running provision before touching keys [2.55ms]

tests/ui-client-boundaries.test.ts:
(pass) production client boundaries preserve directives, tree shaking and unrelated diagnostics [38.97ms]

tests/ui-static.test.ts:
(pass) static console exposes only index and generated asset names with a restrictive policy [0.92ms]

tests/ui-theme.test.ts:
(pass) the console palette covers light, dark and an explicit override [0.10ms]
(pass) no rule outside the palette hardcodes a colour [0.05ms]
(pass) the document declares both schemes and the theme is applied before first paint [0.04ms]

tests/updates-routes.test.ts:
(pass) every updates route answers 403 to anyone who is not an installation operator [3.84ms]
(pass) wrong methods and unknown actions are refused before anything is read [2.21ms]
(pass) with nothing recorded yet the view shows the checkout version and the default settings [2.61ms]
(pass) the view shows the time zone the supervisor reads the window in, and saving settings returns it [11.78ms]
(pass) releases the check passed over are information, never a refusal of the one on offer [13.95ms]
(pass) a release that migrates environment databases installs only with the acknowledgement, which the request carries [4.11ms]
(pass) a safe release does not record an acknowledgement it never needed [3.62ms]
(pass) the view maps the check, the upgrade record and the request into the console shape [3.72ms]
(pass) a failed check is reported beside the result the supervisor kept [2.31ms]
(pass) install follows the supervisor verdict about the very release on offer [3.99ms]
(pass) an apply is recorded once, privately, and a second one waits for the first [4.63ms]
(pass) an apply is refused with the supervisor's own sentence unless its verdict allows that version [39.05ms]
(pass) each sentence shared with the supervisor is word for word in lab/updates.py [1.89ms]
(pass) an apply needs exactly a version, and check and rollback take no body [2.35ms]
(pass) a check is recorded even when periodic checking is off [2.56ms]
(pass) a rollback is offered only for a confirmed upgrade the supervisor judged possible [3.51ms]
(pass) settings are validated strictly and saved privately [3.82ms]
(pass) a damaged settings file reads as the defaults, so it never turns automatic updates on [1.82ms]

tests/updates-ui.test.ts:
(pass) twelve hour clock > the edges of the day convert both ways [0.17ms]
(pass) twelve hour clock > every minute of the day round-trips [1.64ms]
(pass) twelve hour clock > malformed values are refused, and the window is described in server time [0.18ms]
(pass) twelve hour clock > a point in time is shown in twelve hour form [0.31ms]
(pass) twelve hour clock > the server time zone is named as the supervisor reports it [0.06ms]
(pass) settings form > an equal settings object from a poll does not reset the form; a saved change does [0.08ms]
(pass) settings form > a confirmed upgrade asks for a reload from the banner as well as the page [0.04ms]
(pass) release wording > each class names its status in words [0.09ms]
(pass) release wording > notes follow the console language and fall back to English [0.05ms]
(pass) banners > an available release shows until dismissed for that version [0.10ms]
(pass) banners > a finished upgrade reports its outcome; the automatic way back only [0.07ms]
(pass) banners > with nothing installable, a newer signed release still earns a notice; an unsigned one does not [0.08ms]
(pass) banners > a failed way back is critical, first and cannot be dismissed [0.02ms]
(pass) banners > dismissals survive in storage and a broken storage never throws [0.20ms]
(pass) install button > enabled exactly as the server judged it, with the server's own sentence when it is not [0.09ms]
(pass) install button > an apply or rollback under way keeps the page busy and is watched on load [0.10ms]
(pass) install button > a release whose verdict asks for the acknowledgement is offered behind it [0.09ms]
(pass) install button > releases passed over are shown as information and never disable the install [0.04ms]
(pass) responses while the server restarts > gateway errors, a briefly rejected token and 500 read as restarting, never as failure [0.05ms]
(pass) progress state machine > an upgrade goes queued, running, restarting, checking, then confirmed [0.28ms]
(pass) progress state machine > an older finished record is never taken for the new outcome [0.06ms]
(pass) progress state machine > the automatic way back and a failed way back are final states [0.06ms]
(pass) progress state machine > a request the supervisor refuses ends the watch with its detail [0.02ms]
(pass) progress state machine > silence past ten minutes times out, not fails; unreachable alone never fails early [0.12ms]
(pass) progress state machine > a rollback watch ends on the way back, and an operator rollback reads as requested [0.04ms]
(pass) progress state machine > a check ends when the check time moves or its request finishes [0.06ms]
(pass) progress state machine > a page loaded mid-upgrade resumes the watch and counts the request under way [0.07ms]
(pass) progress state machine > every stage has words [0.02ms]
(pass) wiring > the console shows updates to the operator only and reads the token on every call [0.08ms]
(pass) wiring > the confirmation states the backup, the pause and the automatic way back [0.05ms]
(pass) wiring > no long dashes anywhere in the update surfaces [4.00ms]

tests/validation.test.ts:
(pass) email validation accepts aliases and padded addresses, but rejects malformed or oversized input [0.21ms]
(pass) invitation email requires the management API domain suffix and retains supported address text [0.09ms]
(pass) names retain international text and punctuation with only surrounding whitespace removed on submission [0.06ms]
(pass) login does not apply the new-account password policy or trim existing credentials [0.03ms]
(pass) new passwords match invitation creation boundaries without trimming their contents [0.03ms]
(pass) sign-in failures offer safe recovery guidance without exposing account existence [0.05ms]

tests/worker-receipt.test.ts:
(pass) successful receipt settles exact claim and crash after catalog commit is idempotent [149.03ms]
(pass) uncertain corrupt and mismatched receipts preserve running claim and prevent settlement [107.56ms]
(pass) known admission refusal settles once and a receipt from an earlier attempt cannot win [125.70ms]
(pass) claimed work without a published receipt is recoverable before any effect launch [234.63ms]
(pass) committed historical refusal can be consumed after API retry without changing newer work [148.66ms]
(pass) native completion survives process SIGKILL before guardian receipt publication without replay [171.75ms]
(pass) missing partial and conflicting native evidence cannot resolve pending effects [141.10ms]
(pass) preflight recovery is exact, bounded and idempotent after commit before receipt consumption [132.47ms]
(pass) later stages, corrupt native outcomes and legacy protocols cannot authorize preflight retry [125.24ms]
(pass) preflight history cannot change a newer attempt [146.10ms]
(pass) recovered preflight cannot execute after its original actor loses authorization [234.51ms]
(pass) native SIGKILL at preflight preserves the write-ahead recovery boundary [591.76ms]
(pass) native SIGKILL at database preserves the write-ahead recovery boundary [172.21ms]

website/tests/site.test.ts:
(pass) ar: ids are unique and every in-page link lands [0.61ms]
(pass) ar: language, direction and the other language are declared [0.08ms]
(pass) ar: the walkthrough data agrees with its buttons [0.28ms]
(pass) ar: the install section holds exactly the five real commands [0.30ms]
(pass) ar: exactly one maturity badge [0.10ms]
(pass) ar: no long dashes and no external resources [5.37ms]
(pass) en: ids are unique and every in-page link lands [0.26ms]
(pass) en: language, direction and the other language are declared [0.04ms]
(pass) en: the walkthrough data agrees with its buttons [0.15ms]
(pass) en: the install section holds exactly the five real commands [0.12ms]
(pass) en: exactly one maturity badge [0.04ms]
(pass) en: no long dashes and no external resources [4.70ms]
(pass) the Arabic request figure is the English one mirrored [1.03ms]
(pass) the Arabic hierarchy figure is the English one mirrored [0.98ms]
(pass) sources carry no long dashes [0.41ms]
(pass) every stylesheet font is self hosted [0.58ms]

 430 pass
 0 fail
 7226 expect() calls
Ran 430 tests across 55 files. [23.02s]
