test_authenticated_complete_package_and_independent_key (lab.test_disposable_recovery_drill.ContractTests.test_authenticated_complete_package_and_independent_key) ... ok
test_every_enabled_unproven_capability_refuses_before_allocation (lab.test_disposable_recovery_drill.ContractTests.test_every_enabled_unproven_capability_refuses_before_allocation) ... ok
test_missing_archives_changed_bytes_or_changed_reference_refuse (lab.test_disposable_recovery_drill.ContractTests.test_missing_archives_changed_bytes_or_changed_reference_refuse) ... ok
test_plan_does_not_contact_docker_or_retained_installation (lab.test_disposable_recovery_drill.ContractTests.test_plan_does_not_contact_docker_or_retained_installation) ... ok
test_unknown_or_incomplete_inventory_cannot_silently_disable_features (lab.test_disposable_recovery_drill.ContractTests.test_unknown_or_incomplete_inventory_cannot_silently_disable_features) ... ok
test_cleanup_checks_native_owner_before_removing (lab.test_disposable_recovery_drill.IsolationTests.test_cleanup_checks_native_owner_before_removing) ... ok
test_collision_or_unclassified_native_absence_refuses (lab.test_disposable_recovery_drill.IsolationTests.test_collision_or_unclassified_native_absence_refuses) ... ok
test_helper_stops_database_before_original_native_helper_and_restarts_after (lab.test_disposable_recovery_drill.IsolationTests.test_helper_stops_database_before_original_native_helper_and_restarts_after) ... ok
test_missing_native_storage_toolchain_refuses_before_any_volume_allocation (lab.test_disposable_recovery_drill.IsolationTests.test_missing_native_storage_toolchain_refuses_before_any_volume_allocation) ... ok
test_private_settings_replace_all_retained_paths_and_restore_module (lab.test_disposable_recovery_drill.IsolationTests.test_private_settings_replace_all_retained_paths_and_restore_module) ... ok
test_foreign_stopped_or_oom_database_cannot_pass_readiness (lab.test_disposable_recovery_drill.NativeReadinessTests.test_foreign_stopped_or_oom_database_cannot_pass_readiness) ... ok
test_initialization_sql_cannot_admit_native_starting_or_unhealthy (lab.test_disposable_recovery_drill.NativeReadinessTests.test_initialization_sql_cannot_admit_native_starting_or_unhealthy) ... ok
test_native_healthy_and_expected_privileged_role_admit_final_server (lab.test_disposable_recovery_drill.NativeReadinessTests.test_native_healthy_and_expected_privileged_role_admit_final_server) ... ok
test_native_healthy_without_expected_role_is_not_ready (lab.test_disposable_recovery_drill.NativeReadinessTests.test_native_healthy_without_expected_role_is_not_ready) ... ok
test_fenced_storage_stays_stopped_through_file_helper (lab.test_disposable_storage_backup_drill.IsolationTests.test_fenced_storage_stays_stopped_through_file_helper) ... ok
test_http_upload_and_delete_use_original_api_contract (lab.test_disposable_storage_backup_drill.IsolationTests.test_http_upload_and_delete_use_original_api_contract) ... ok
test_private_published_inventory_contains_only_native_fixture_tenant (lab.test_disposable_storage_backup_drill.IsolationTests.test_private_published_inventory_contains_only_native_fixture_tenant) ... ok
test_running_storage_is_stopped_before_helper_and_restarted_after_database (lab.test_disposable_storage_backup_drill.IsolationTests.test_running_storage_is_stopped_before_helper_and_restarted_after_database) ... ok
test_unknown_network_inspection_does_not_authorize_creation (lab.test_disposable_storage_backup_drill.IsolationTests.test_unknown_network_inspection_does_not_authorize_creation) ... ok
test_original_storage_etag_configuration_is_not_overridden (lab.test_disposable_storage_backup_drill.PlanTests.test_original_storage_etag_configuration_is_not_overridden) ... ok
test_plan_is_source_only_and_declares_actual_aggregate_budgets (lab.test_disposable_storage_backup_drill.PlanTests.test_plan_is_source_only_and_declares_actual_aggregate_budgets) ... ok
test_http_race_occurs_after_native_dump_and_preserves_snapshot_inventory (lab.test_disposable_storage_backup_drill.RaceTests.test_http_race_occurs_after_native_dump_and_preserves_snapshot_inventory) ... ok
test_no_http_injection_cannot_count_as_an_adversarial_race (lab.test_disposable_storage_backup_drill.RaceTests.test_no_http_injection_cannot_count_as_an_adversarial_race) ... ok
test_altered_command_help_is_not_runtime_execution (lab.test_capability_registry.CapabilityRegistryTests.test_altered_command_help_is_not_runtime_execution) ... ok
test_binding_byte_changes_and_missing_config_refuse (lab.test_capability_registry.CapabilityRegistryTests.test_binding_byte_changes_and_missing_config_refuse) ... ok
test_complete_looking_foundation_proof_cannot_override_unresolved_reference (lab.test_capability_registry.CapabilityRegistryTests.test_complete_looking_foundation_proof_cannot_override_unresolved_reference) ... ok
test_complete_positive_scoped_fixture_accepts_only_selected_contract (lab.test_capability_registry.CapabilityRegistryTests.test_complete_positive_scoped_fixture_accepts_only_selected_contract) ... ok
test_complete_slice_mapping_and_test_inventory_cannot_be_narrowed (lab.test_capability_registry.CapabilityRegistryTests.test_complete_slice_mapping_and_test_inventory_cannot_be_narrowed) ... ok
test_expired_raw_observation_cannot_be_renewed_only_in_envelope (lab.test_capability_registry.CapabilityRegistryTests.test_expired_raw_observation_cannot_be_renewed_only_in_envelope) ... ok
test_failed_skipped_empty_and_boolean_counts_refuse (lab.test_capability_registry.CapabilityRegistryTests.test_failed_skipped_empty_and_boolean_counts_refuse) ... ok
test_honest_unproven_registry_validates_but_cannot_accept (lab.test_capability_registry.CapabilityRegistryTests.test_honest_unproven_registry_validates_but_cannot_accept) ... ok
test_identity_is_relocatable_and_binds_inventory_bytes_and_modes (lab.test_capability_registry.CapabilityRegistryTests.test_identity_is_relocatable_and_binds_inventory_bytes_and_modes) ... ok
test_malformed_and_duplicate_key_json_errors_are_graceful (lab.test_capability_registry.CapabilityRegistryTests.test_malformed_and_duplicate_key_json_errors_are_graceful) ... ok
test_malformed_schema_and_secondary_metadata_refuse_gracefully (lab.test_capability_registry.CapabilityRegistryTests.test_malformed_schema_and_secondary_metadata_refuse_gracefully) ... ok
test_missing_proof_and_passed_boolean_alone_refuse (lab.test_capability_registry.CapabilityRegistryTests.test_missing_proof_and_passed_boolean_alone_refuse) ... ok
test_missing_tampered_empty_and_mismatched_raw_logs_refuse (lab.test_capability_registry.CapabilityRegistryTests.test_missing_tampered_empty_and_mismatched_raw_logs_refuse) ... ok
test_native_cron_fragment_and_history_do_not_accept_sb13a (lab.test_capability_registry.CapabilityRegistryTests.test_native_cron_fragment_and_history_do_not_accept_sb13a) ... ok
test_old_raw_observation_cannot_rebind_to_changed_source (lab.test_capability_registry.CapabilityRegistryTests.test_old_raw_observation_cannot_rebind_to_changed_source) ... ok
test_production_cannot_inherit_unit_or_acceptance_proof (lab.test_capability_registry.CapabilityRegistryTests.test_production_cannot_inherit_unit_or_acceptance_proof) ... ok
test_raw_execution_identity_binds_config_reference_and_host_envelope (lab.test_capability_registry.CapabilityRegistryTests.test_raw_execution_identity_binds_config_reference_and_host_envelope) ... ok
test_required_test_inventory_cannot_be_empty_extra_or_duplicated (lab.test_capability_registry.CapabilityRegistryTests.test_required_test_inventory_cannot_be_empty_extra_or_duplicated) ... ok
test_roadmap_and_native_requirements_cannot_be_narrowed (lab.test_capability_registry.CapabilityRegistryTests.test_roadmap_and_native_requirements_cannot_be_narrowed) ... ok
test_scope_placement_kind_reference_and_config_mismatches_refuse (lab.test_capability_registry.CapabilityRegistryTests.test_scope_placement_kind_reference_and_config_mismatches_refuse) ... ok
test_source_deletion_during_verification_revokes_accepted_rows (lab.test_capability_registry.CapabilityRegistryTests.test_source_deletion_during_verification_revokes_accepted_rows) ... ok
test_source_mutation_during_verification_revokes_accepted_rows (lab.test_capability_registry.CapabilityRegistryTests.test_source_mutation_during_verification_revokes_accepted_rows) ... ok
test_source_registry_and_test_inventory_changes_invalidate_proof (lab.test_capability_registry.CapabilityRegistryTests.test_source_registry_and_test_inventory_changes_invalidate_proof) ... ok
test_stale_future_and_overlong_windows_refuse (lab.test_capability_registry.CapabilityRegistryTests.test_stale_future_and_overlong_windows_refuse) ... ok
test_unknown_placement_and_partial_inventory_are_refused (lab.test_capability_registry.CapabilityRegistryTests.test_unknown_placement_and_partial_inventory_are_refused) ... ok
test_unsafe_paths_and_symlinked_logs_refuse (lab.test_capability_registry.CapabilityRegistryTests.test_unsafe_paths_and_symlinked_logs_refuse) ... ok
test_a_missing_goal_prevents_acceptance (lab.test_plan_acceptance.PlanAcceptance.test_a_missing_goal_prevents_acceptance) ... ok
test_all_passed_slices_with_missing_nonempty_references_refuse (lab.test_plan_acceptance.PlanAcceptance.test_all_passed_slices_with_missing_nonempty_references_refuse) ... ok
test_current_planning_artifacts_are_consistent (lab.test_plan_acceptance.PlanAcceptance.test_current_planning_artifacts_are_consistent) ... ok
test_governance_only_proof_in_both_local_placements_cannot_close_g0 (lab.test_plan_acceptance.PlanAcceptance.test_governance_only_proof_in_both_local_placements_cannot_close_g0) ... ok
test_invalid_registry_prevents_planning_acceptance (lab.test_plan_acceptance.PlanAcceptance.test_invalid_registry_prevents_planning_acceptance) ... ok
test_local_external_sources_are_not_accepted (lab.test_plan_acceptance.PlanAcceptance.test_local_external_sources_are_not_accepted) ... ok
test_malformed_ledger_is_a_visible_refusal (lab.test_plan_acceptance.PlanAcceptance.test_malformed_ledger_is_a_visible_refusal) ... ok
test_missing_links_and_prohibited_characters_are_reported (lab.test_plan_acceptance.PlanAcceptance.test_missing_links_and_prohibited_characters_are_reported) ... ok
test_partial_slice_inventory_cannot_claim_completion (lab.test_plan_acceptance.PlanAcceptance.test_partial_slice_inventory_cannot_claim_completion) ... ok
test_passed_slice_requires_an_evidence_reference (lab.test_plan_acceptance.PlanAcceptance.test_passed_slice_requires_an_evidence_reference) ... ok
test_security_only_proof_cannot_close_g12_public_release (lab.test_plan_acceptance.PlanAcceptance.test_security_only_proof_cannot_close_g12_public_release) ... ok

----------------------------------------------------------------------
Ran 60 tests in 6.083s

OK
